2026-02-02 23:25:54.316 10726-10886 icheng.timebank         com.jianglicheng.timebank            I  AssetManager2(0xb400006e16768a18) locale list changing from [] to [zh-Hans-CN]
2026-02-02 23:25:54.317 10726-10886 icheng.timebank         com.jianglicheng.timebank            I  AssetManager2(0xb400006e16769058) locale list changing from [] to [zh-Hans-CN]
2026-02-02 23:25:54.320 10726-10886 icheng.timebank         com.jianglicheng.timebank            I  AssetManager2(0xb400006e16767a78) locale list changing from [] to [zh-Hans-CN]
2026-02-02 23:25:54.323 10726-10886 icheng.timebank         com.jianglicheng.timebank            I  AssetManager2(0xb400006e16762c58) locale list changing from [] to [zh-Hans-CN]
2026-02-02 23:25:54.326 10726-10886 icheng.timebank         com.jianglicheng.timebank            I  AssetManager2(0xb400006e167683d8) locale list changing from [] to [zh-Hans-CN]
2026-02-02 23:25:54.327 10726-10886 icheng.timebank         com.jianglicheng.timebank            I  AssetManager2(0xb400006e16765e58) locale list changing from [] to [zh-Hans-CN]
2026-02-02 23:25:54.328 10726-10886 icheng.timebank         com.jianglicheng.timebank            I  AssetManager2(0xb400006e16762938) locale list changing from [] to [zh-Hans-CN]
2026-02-02 23:25:54.330 10726-10886 icheng.timebank         com.jianglicheng.timebank            I  AssetManager2(0xb400006e16770d58) locale list changing from [] to [zh-Hans-CN]
2026-02-02 23:25:54.332 10726-10886 icheng.timebank         com.jianglicheng.timebank            I  AssetManager2(0xb400006e1676cbb8) locale list changing from [] to [zh-Hans-CN]
2026-02-02 23:25:54.333 10726-10886 icheng.timebank         com.jianglicheng.timebank            I  AssetManager2(0xb400006e1676eaf8) locale list changing from [] to [zh-Hans-CN]
2026-02-02 23:25:54.335 10726-10886 icheng.timebank         com.jianglicheng.timebank            I  AssetManager2(0xb400006e167716b8) locale list changing from [] to [zh-Hans-CN]
2026-02-02 23:25:54.337 10726-10886 icheng.timebank         com.jianglicheng.timebank            I  AssetManager2(0xb400006e167700d8) locale list changing from [] to [zh-Hans-CN]
2026-02-02 23:25:54.338 10726-10886 icheng.timebank         com.jianglicheng.timebank            I  AssetManager2(0xb400006e1676fa98) locale list changing from [] to [zh-Hans-CN]
2026-02-02 23:25:54.341 10726-10886 icheng.timebank         com.jianglicheng.timebank            I  AssetManager2(0xb400006e16771398) locale list changing from [] to [zh-Hans-CN]
2026-02-02 23:25:54.342 10726-10886 icheng.timebank         com.jianglicheng.timebank            I  AssetManager2(0xb400006e1676d1f8) locale list changing from [] to [zh-Hans-CN]
2026-02-02 23:25:54.344 10726-10886 icheng.timebank         com.jianglicheng.timebank            I  AssetManager2(0xb400006e167703f8) locale list changing from [] to [zh-Hans-CN]
2026-02-02 23:25:54.346 10726-10886 icheng.timebank         com.jianglicheng.timebank            I  AssetManager2(0xb400006e1676bf38) locale list changing from [] to [zh-Hans-CN]
2026-02-02 23:25:54.348 10726-10886 icheng.timebank         com.jianglicheng.timebank            I  AssetManager2(0xb400006e16770a38) locale list changing from [] to [zh-Hans-CN]
2026-02-02 23:25:54.350 10726-10886 icheng.timebank         com.jianglicheng.timebank            I  AssetManager2(0xb400006e1676ee18) locale list changing from [] to [zh-Hans-CN]
2026-02-02 23:25:54.352 10726-10886 icheng.timebank         com.jianglicheng.timebank            I  AssetManager2(0xb400006e167719d8) locale list changing from [] to [zh-Hans-CN]
2026-02-02 23:25:54.355 10726-10886 icheng.timebank         com.jianglicheng.timebank            I  AssetManager2(0xb400006e1676de78) locale list changing from [] to [zh-Hans-CN]
2026-02-02 23:25:54.357 10726-10886 icheng.timebank         com.jianglicheng.timebank            I  AssetManager2(0xb400006e1676c578) locale list changing from [] to [zh-Hans-CN]
2026-02-02 23:25:54.359 10726-10886 icheng.timebank         com.jianglicheng.timebank            I  AssetManager2(0xb400006e16775538) locale list changing from [] to [zh-Hans-CN]
2026-02-02 23:25:54.361 10726-10886 icheng.timebank         com.jianglicheng.timebank            I  AssetManager2(0xb400006e167735f8) locale list changing from [] to [zh-Hans-CN]
2026-02-02 23:25:54.365 10726-10886 icheng.timebank         com.jianglicheng.timebank            I  AssetManager2(0xb400006e16777158) locale list changing from [] to [zh-Hans-CN]
2026-02-02 23:25:54.368 10726-10886 icheng.timebank         com.jianglicheng.timebank            I  AssetManager2(0xb400006e16777478) locale list changing from [] to [zh-Hans-CN]
2026-02-02 23:25:54.370 10726-10886 icheng.timebank         com.jianglicheng.timebank            I  AssetManager2(0xb400006e16774598) locale list changing from [] to [zh-Hans-CN]
2026-02-02 23:25:54.372 10726-10886 icheng.timebank         com.jianglicheng.timebank            I  AssetManager2(0xb400006e16778738) locale list changing from [] to [zh-Hans-CN]
2026-02-02 23:25:54.373 10726-10886 icheng.timebank         com.jianglicheng.timebank            I  AssetManager2(0xb400006e167793b8) locale list changing from [] to [zh-Hans-CN]
2026-02-02 23:25:54.376 10726-10886 icheng.timebank         com.jianglicheng.timebank            I  AssetManager2(0xb400006e167767f8) locale list changing from [] to [zh-Hans-CN]
2026-02-02 23:25:54.378 10726-10886 icheng.timebank         com.jianglicheng.timebank            I  AssetManager2(0xb400006e16778d78) locale list changing from [] to [zh-Hans-CN]
2026-02-02 23:25:54.379 10726-10886 icheng.timebank         com.jianglicheng.timebank            I  AssetManager2(0xb400006e16777dd8) locale list changing from [] to [zh-Hans-CN]
2026-02-02 23:25:54.381 10726-10886 icheng.timebank         com.jianglicheng.timebank            I  AssetManager2(0xb400006e16774278) locale list changing from [] to [zh-Hans-CN]
2026-02-02 23:25:54.383 10726-10886 icheng.timebank         com.jianglicheng.timebank            I  AssetManager2(0xb400006e16772658) locale list changing from [] to [zh-Hans-CN]
2026-02-02 23:25:54.385 10726-10886 icheng.timebank         com.jianglicheng.timebank            I  AssetManager2(0xb400006e16776b18) locale list changing from [] to [zh-Hans-CN]
2026-02-02 23:25:54.387 10726-10886 icheng.timebank         com.jianglicheng.timebank            I  AssetManager2(0xb400006e16777ab8) locale list changing from [] to [zh-Hans-CN]
2026-02-02 23:25:54.388 10726-10886 icheng.timebank         com.jianglicheng.timebank            I  AssetManager2(0xb400006e16773c38) locale list changing from [] to [zh-Hans-CN]
2026-02-02 23:25:54.390 10726-10886 icheng.timebank         com.jianglicheng.timebank            I  AssetManager2(0xb400006e16775218) locale list changing from [] to [zh-Hans-CN]
2026-02-02 23:25:54.391 10726-10886 icheng.timebank         com.jianglicheng.timebank            I  AssetManager2(0xb400006e1677c5b8) locale list changing from [] to [zh-Hans-CN]
2026-02-02 23:25:54.393 10726-10886 icheng.timebank         com.jianglicheng.timebank            I  AssetManager2(0xb400006e1677c8d8) locale list changing from [] to [zh-Hans-CN]
2026-02-02 23:25:54.394 10726-10886 icheng.timebank         com.jianglicheng.timebank            I  AssetManager2(0xb400006e1677a998) locale list changing from [] to [zh-Hans-CN]
2026-02-02 23:25:54.395 10726-10886 icheng.timebank         com.jianglicheng.timebank            I  AssetManager2(0xb400006e1677a678) locale list changing from [] to [zh-Hans-CN]
2026-02-02 23:25:54.397 10726-10886 icheng.timebank         com.jianglicheng.timebank            I  AssetManager2(0xb400006e1677b938) locale list changing from [] to [zh-Hans-CN]
2026-02-02 23:25:54.399 10726-10886 icheng.timebank         com.jianglicheng.timebank            I  AssetManager2(0xb400006e1677afd8) locale list changing from [] to [zh-Hans-CN]
2026-02-02 23:25:54.401 10726-10886 icheng.timebank         com.jianglicheng.timebank            I  AssetManager2(0xb400006e1677f178) locale list changing from [] to [zh-Hans-CN]
2026-02-02 23:25:54.403 10726-10886 icheng.timebank         com.jianglicheng.timebank            I  AssetManager2(0xb400006e16782378) locale list changing from [] to [zh-Hans-CN]
2026-02-02 23:25:54.406 10726-10886 icheng.timebank         com.jianglicheng.timebank            I  AssetManager2(0xb400006e167848f8) locale list changing from [] to [zh-Hans-CN]
2026-02-02 23:25:54.408 10726-10886 icheng.timebank         com.jianglicheng.timebank            I  AssetManager2(0xb400006e167829b8) locale list changing from [] to [zh-Hans-CN]
2026-02-02 23:25:54.409 10726-10886 icheng.timebank         com.jianglicheng.timebank            I  AssetManager2(0xb400006e16780a78) locale list changing from [] to [zh-Hans-CN]
2026-02-02 23:25:54.411 10726-10886 icheng.timebank         com.jianglicheng.timebank            I  AssetManager2(0xb400006e1677ee58) locale list changing from [] to [zh-Hans-CN]
2026-02-02 23:25:54.414 10726-10886 icheng.timebank         com.jianglicheng.timebank            I  AssetManager2(0xb400006e167816f8) locale list changing from [] to [zh-Hans-CN]
2026-02-02 23:25:54.418 10726-10886 icheng.timebank         com.jianglicheng.timebank            I  AssetManager2(0xb400006e16780438) locale list changing from [] to [zh-Hans-CN]
2026-02-02 23:25:54.420 10726-10886 icheng.timebank         com.jianglicheng.timebank            I  AssetManager2(0xb400006e167845d8) locale list changing from [] to [zh-Hans-CN]
2026-02-02 23:25:54.421 10726-10886 icheng.timebank         com.jianglicheng.timebank            I  AssetManager2(0xb400006e16783c78) locale list changing from [] to [zh-Hans-CN]
2026-02-02 23:25:54.422 10726-10886 icheng.timebank         com.jianglicheng.timebank            I  AssetManager2(0xb400006e1677d558) locale list changing from [] to [zh-Hans-CN]
2026-02-02 23:25:54.427 10726-10886 icheng.timebank         com.jianglicheng.timebank            I  AssetManager2(0xb400006e16783f98) locale list changing from [] to [zh-Hans-CN]
2026-02-02 23:25:54.429 10726-10886 icheng.timebank         com.jianglicheng.timebank            I  AssetManager2(0xb400006e16782698) locale list changing from [] to [zh-Hans-CN]
2026-02-02 23:25:54.433 10726-10886 icheng.timebank         com.jianglicheng.timebank            I  AssetManager2(0xb400006e1677fdf8) locale list changing from [] to [zh-Hans-CN]
2026-02-02 23:25:54.435 10726-10886 icheng.timebank         com.jianglicheng.timebank            I  AssetManager2(0xb400006e1678b978) locale list changing from [] to [zh-Hans-CN]
2026-02-02 23:25:54.437 10726-10886 icheng.timebank         com.jianglicheng.timebank            I  AssetManager2(0xb400006e16787af8) locale list changing from [] to [zh-Hans-CN]
2026-02-02 23:25:54.439 10726-10886 icheng.timebank         com.jianglicheng.timebank            I  AssetManager2(0xb400006e16788458) locale list changing from [] to [zh-Hans-CN]
2026-02-02 23:25:54.440 10726-10886 icheng.timebank         com.jianglicheng.timebank            I  AssetManager2(0xb400006e1678b018) locale list changing from [] to [zh-Hans-CN]
2026-02-02 23:25:54.441 10726-10886 icheng.timebank         com.jianglicheng.timebank            I  AssetManager2(0xb400006e16788778) locale list changing from [] to [zh-Hans-CN]
2026-02-02 23:25:54.445 10726-10886 icheng.timebank         com.jianglicheng.timebank            I  AssetManager2(0xb400006e167861f8) locale list changing from [] to [zh-Hans-CN]
2026-02-02 23:25:54.449 10726-10886 icheng.timebank         com.jianglicheng.timebank            I  AssetManager2(0xb400006e1678a078) locale list changing from [] to [zh-Hans-CN]
2026-02-02 23:25:54.450 10726-10886 icheng.timebank         com.jianglicheng.timebank            I  AssetManager2(0xb400006e16785578) locale list changing from [] to [zh-Hans-CN]
2026-02-02 23:25:54.452 10726-10886 icheng.timebank         com.jianglicheng.timebank            I  AssetManager2(0xb400006e16784c18) locale list changing from [] to [zh-Hans-CN]
2026-02-02 23:25:54.454 10726-10886 icheng.timebank         com.jianglicheng.timebank            I  AssetManager2(0xb400006e1678a398) locale list changing from [] to [zh-Hans-CN]
2026-02-02 23:25:54.455 10726-10886 icheng.timebank         com.jianglicheng.timebank            I  AssetManager2(0xb400006e16787e18) locale list changing from [] to [zh-Hans-CN]
2026-02-02 23:25:54.456 10726-10886 icheng.timebank         com.jianglicheng.timebank            I  AssetManager2(0xb400006e16789a38) locale list changing from [] to [zh-Hans-CN]
2026-02-02 23:25:54.459 10726-10886 icheng.timebank         com.jianglicheng.timebank            I  AssetManager2(0xb400006e1678a6b8) locale list changing from [] to [zh-Hans-CN]
2026-02-02 23:25:54.462 10726-10886 icheng.timebank         com.jianglicheng.timebank            I  AssetManager2(0xb400006e16788138) locale list changing from [] to [zh-Hans-CN]
2026-02-02 23:25:54.463 10726-10886 icheng.timebank         com.jianglicheng.timebank            I  AssetManager2(0xb400006e16786b58) locale list changing from [] to [zh-Hans-CN]
2026-02-02 23:25:54.467 10726-10726 chromium                com.jianglicheng.timebank            I  [INFO:CONSOLE:11337] "[AppList] Loaded 179 installed apps", source: https://timebank.local/assets/www/index.html (11337)
2026-02-02 23:25:54.494 10726-10726 chromium                com.jianglicheng.timebank            I  [INFO:CONSOLE:24508] "Uncaught (in promise) TypeError: Cannot set properties of null (setting 'checked')", source: https://timebank.local/assets/www/index.html (24508)
2026-02-02 23:25:54.577 10726-10726 chromium                com.jianglicheng.timebank            I  [INFO:CONSOLE:16] "[realtime] ws event: open [object Event]", source: https://timebank.local/assets/www/cloudbase.v2.bundle.js (16)
2026-02-02 23:25:54.654 10726-10726 chromium                com.jianglicheng.timebank            I  [INFO:CONSOLE:10816] " [DAL] Running : init : 0", source: https://timebank.local/assets/www/index.html (10816)
2026-02-02 23:25:54.681 10726-10726 chromium                com.jianglicheng.timebank            I  [INFO:CONSOLE:24407] "[Widget] Updating widgets: balance=-104090, limit=120", source: https://timebank.local/assets/www/index.html (24407)
2026-02-02 23:25:54.681 10726-10886 TimeBank                com.jianglicheng.timebank            D  updateWidgets called: balance=-104090, limit=120
2026-02-02 23:25:54.682 10726-10886 TimeBank                com.jianglicheng.timebank            D  Widgets updated: balance=0, classic=0, glass=0
2026-02-02 23:25:54.684 10726-10726 chromium                com.jianglicheng.timebank            I  [INFO:CONSOLE:16] "[realtime] initWatch success", source: https://timebank.local/assets/www/cloudbase.v2.bundle.js (16)
2026-02-02 23:25:54.705 10726-10726 chromium                com.jianglicheng.timebank            I  [INFO:CONSOLE:10888] " [DAL] Profile ", source: https://timebank.local/assets/www/index.html (10888)
2026-02-02 23:25:54.705 10726-10726 chromium                com.jianglicheng.timebank            I  [INFO:CONSOLE:16] "[realtime] initWatch success", source: https://timebank.local/assets/www/cloudbase.v2.bundle.js (16)
2026-02-02 23:25:54.705 10726-10726 chromium                com.jianglicheng.timebank            I  [INFO:CONSOLE:10917] " [DAL] Daily : undefined", source: https://timebank.local/assets/www/index.html (10917)
2026-02-02 23:25:54.726 10726-10726 chromium                com.jianglicheng.timebank            I  [INFO:CONSOLE:24407] "[Widget] Updating widgets: balance=-104090, limit=120", source: https://timebank.local/assets/www/index.html (24407)
2026-02-02 23:25:54.726 10726-10886 TimeBank                com.jianglicheng.timebank            D  updateWidgets called: balance=-104090, limit=120
2026-02-02 23:25:54.727 10726-10886 TimeBank                com.jianglicheng.timebank            D  Widgets updated: balance=0, classic=0, glass=0
2026-02-02 23:25:54.728 10726-10726 chromium                com.jianglicheng.timebank            I  [INFO:CONSOLE:16] "[realtime] initWatch success", source: https://timebank.local/assets/www/cloudbase.v2.bundle.js (16)
2026-02-02 23:25:54.737 10726-10726 chromium                com.jianglicheng.timebank            I  [INFO:CONSOLE:10715] " [DAL] Task : undefined", source: https://timebank.local/assets/www/index.html (10715)
2026-02-02 23:25:54.755 10726-10886 TimeBank                com.jianglicheng.timebank            D  updateWidgets called: balance=-104090, limit=120
2026-02-02 23:25:54.755 10726-10726 chromium                com.jianglicheng.timebank            I  [INFO:CONSOLE:24407] "[Widget] Updating widgets: balance=-104090, limit=120", source: https://timebank.local/assets/www/index.html (24407)
2026-02-02 23:25:54.756 10726-10886 TimeBank                com.jianglicheng.timebank            D  Widgets updated: balance=0, classic=0, glass=0
2026-02-02 23:25:54.756 10726-10726 chromium                com.jianglicheng.timebank            I  [INFO:CONSOLE:16] "[realtime] initWatch success", source: https://timebank.local/assets/www/cloudbase.v2.bundle.js (16)
2026-02-02 23:25:55.000 10726-10726 chromium                com.jianglicheng.timebank            I  [INFO:CONSOLE:10761] " [DAL] Transaction : undefined", source: https://timebank.local/assets/www/index.html (10761)
2026-02-02 23:25:55.039 10726-10886 TimeBank                com.jianglicheng.timebank            D  updateWidgets called: balance=-104090, limit=120
2026-02-02 23:25:55.039 10726-10726 chromium                com.jianglicheng.timebank            I  [INFO:CONSOLE:24407] "[Widget] Updating widgets: balance=-104090, limit=120", source: https://timebank.local/assets/www/index.html (24407)
2026-02-02 23:25:55.040 10726-10886 TimeBank                com.jianglicheng.timebank            D  Widgets updated: balance=0, classic=0, glass=0
2026-02-02 23:25:55.040 10726-10726 chromium                com.jianglicheng.timebank            I  [INFO:CONSOLE:16] "[realtime] initWatch success", source: https://timebank.local/assets/www/cloudbase.v2.bundle.js (16)
2026-02-02 23:25:55.093 10726-10726 libc                    com.jianglicheng.timebank            W  Access denied finding property "ro.debuggable"
2026-02-02 23:25:55.095 10726-10726 Hwaps                   com.jianglicheng.timebank            I  APS: EventAnalyzed: initAPS: version is 11.0.0.4
2026-02-02 23:25:55.087 10726-10726 icheng.timebank         com.jianglicheng.timebank            W  type=1400 audit(0.0:259959): avc:  denied  { read } for  name="u:object_r:userdebug_or_eng_prop:s0" dev="tmpfs" ino=677 scontext=u:r:untrusted_app:s0:c157,c257,c512,c768 tcontext=u:object_r:userdebug_or_eng_prop:s0 tclass=file permissive=0
2026-02-02 23:25:55.096 10726-10726 Hwaps                   com.jianglicheng.timebank            D  Fpsrequest create,type:EXACTLY_IDENTIFY
2026-02-02 23:25:55.096 10726-10726 Hwaps                   com.jianglicheng.timebank            D  Fpsrequest create,type:EXACTLY_IDENTIFY
2026-02-02 23:25:55.096 10726-10726 Hwaps                   com.jianglicheng.timebank            D  Fpsrequest create,type:OPENGL_SETTING
2026-02-02 23:25:55.096 10726-10726 Hwaps                   com.jianglicheng.timebank            D  FpsController create
2026-02-02 23:25:55.096 10726-10726 Hwaps                   com.jianglicheng.timebank            D  APS: EventAnalyzed: reInitFpsPara :mBaseFps = 120; mMaxFps = 120
2026-02-02 23:25:55.097 10726-10726 HiTouch_Pr...reDetector com.jianglicheng.timebank            I  checkDoublePointerLimit: false
2026-02-02 23:25:55.103 10726-10726 HwViewRootImpl          com.jianglicheng.timebank            D  GPLOG: params  TraceInputParams 0 pkg empty self com.jianglicheng.timebank
2026-02-02 23:25:55.104 10726-10726 Hwaps                   com.jianglicheng.timebank            D  APS: EventAnalyzed: registerCallbackInApsManagerService, mPkgName:com.jianglicheng.timebank; result = false
2026-02-02 23:25:55.104 10726-10996 HwApsManager            com.jianglicheng.timebank            W  HwApsManagerService, registerCallback, start !
2026-02-02 23:25:55.107 10726-10733 icheng.timebank         com.jianglicheng.timebank            W  Missing inline cache for int android.view.InputEventAssigner.processEvent(android.view.InputEvent)
2026-02-02 23:25:55.107 10726-10733 icheng.timebank         com.jianglicheng.timebank            W  Missing inline cache for int android.view.InputEventAssigner.processEvent(android.view.InputEvent)
2026-02-02 23:25:55.107 10726-10733 icheng.timebank         com.jianglicheng.timebank            W  Missing inline cache for int android.view.InputEventAssigner.processEvent(android.view.InputEvent)
2026-02-02 23:25:55.107 10726-10726 InputMethodManager      com.jianglicheng.timebank            W  startInputReason = 3
2026-02-02 23:25:55.111 10726-10733 icheng.timebank         com.jianglicheng.timebank            W  Missing inline cache for int android.view.ViewRootImpl$EarlyPostImeInputStage.processMotionEvent(android.view.ViewRootImpl$QueuedInputEvent)
2026-02-02 23:25:55.111 10726-10733 icheng.timebank         com.jianglicheng.timebank            W  Missing inline cache for int android.view.ViewRootImpl$EarlyPostImeInputStage.processMotionEvent(android.view.ViewRootImpl$QueuedInputEvent)
2026-02-02 23:25:55.112 10726-10733 icheng.timebank         com.jianglicheng.timebank            W  Missing inline cache for int android.view.ViewRootImpl$EarlyPostImeInputStage.processPointerEvent(android.view.ViewRootImpl$QueuedInputEvent)
2026-02-02 23:25:55.114 10726-10726 InputMethodManager      com.jianglicheng.timebank            V  Starting input: Bind result=InputBindResult{result=SUCCESS_WITH_IME_SESSION method=com.android.internal.inputmethod.IInputMethodSession$Stub$Proxy@c142567 id=com.baidu.input_hihonor/com.baidu.input_honor.ImeService sequence=1657 result=0 isInputMethodSuppressingSpellChecker=false}
2026-02-02 23:25:55.131 10726-10733 icheng.timebank         com.jianglicheng.timebank            W  Missing inline cache for void android.view.inputmethod.EditorInfo.setSupportedHandwritingGestures(java.util.List)
2026-02-02 23:25:55.131 10726-10733 icheng.timebank         com.jianglicheng.timebank            W  Missing inline cache for void android.view.inputmethod.EditorInfo.setSupportedHandwritingGestures(java.util.List)
2026-02-02 23:25:55.131 10726-10733 icheng.timebank         com.jianglicheng.timebank            W  Missing inline cache for void android.view.inputmethod.EditorInfo.setSupportedHandwritingGestures(java.util.List)
2026-02-02 23:25:55.131 10726-10733 icheng.timebank         com.jianglicheng.timebank            W  Missing inline cache for void android.view.inputmethod.EditorInfo.setSupportedHandwritingGestures(java.util.List)
2026-02-02 23:25:55.131 10726-10733 icheng.timebank         com.jianglicheng.timebank            W  Missing inline cache for void android.view.inputmethod.EditorInfo.setSupportedHandwritingGestures(java.util.List)
2026-02-02 23:25:55.131 10726-10733 icheng.timebank         com.jianglicheng.timebank            W  Missing inline cache for void android.view.inputmethod.EditorInfo.setSupportedHandwritingGestures(java.util.List)
2026-02-02 23:25:55.131 10726-10733 icheng.timebank         com.jianglicheng.timebank            W  Missing inline cache for void android.view.inputmethod.EditorInfo.setSupportedHandwritingGestures(java.util.List)
2026-02-02 23:25:55.131 10726-10733 icheng.timebank         com.jianglicheng.timebank            W  Missing inline cache for void android.view.inputmethod.EditorInfo.setSupportedHandwritingGestures(java.util.List)
2026-02-02 23:25:55.377 10726-10726 HiTouch_Pr...reDetector com.jianglicheng.timebank            I  checkDoublePointerLimit: false
2026-02-02 23:25:55.393 10726-10726 HiTouch_Pr...reDetector com.jianglicheng.timebank            W  [HiTouch Stop]checkDoublePointerMove
2026-02-02 23:25:55.728 10726-10726 HiTouch_Pr...reDetector com.jianglicheng.timebank            I  checkDoublePointerLimit: false
2026-02-02 23:25:55.759 10726-10726 HiTouch_Pr...reDetector com.jianglicheng.timebank            W  [HiTouch Stop]checkDoublePointerMove
2026-02-02 23:25:56.178 10726-10726 HiTouch_Pr...reDetector com.jianglicheng.timebank            I  checkDoublePointerLimit: false
2026-02-02 23:25:56.200 10726-10726 HiTouch_Pr...reDetector com.jianglicheng.timebank            W  [HiTouch Stop]checkDoublePointerMove
2026-02-02 23:25:56.633 10726-10726 HiTouch_Pr...reDetector com.jianglicheng.timebank            I  checkDoublePointerLimit: false
2026-02-02 23:25:56.650 10726-10726 HiTouch_Pr...reDetector com.jianglicheng.timebank            W  [HiTouch Stop]checkDoublePointerMove
2026-02-02 23:25:57.929 10726-10726 AwareBitmapCacher       com.jianglicheng.timebank            I  init lrucache size: 4194304 pid=10726
2026-02-02 23:25:57.929 10726-10726 Resource                com.jianglicheng.timebank            V  printErrorResource, maybe not an error because module has entative action to load resource.
