2026-02-02 23:25:47.282  8796-8796  VRI[PopupW...w:f32d10a] com.jianglicheng.timebank            V  Visible with new config: {1.0 460mcc7mnc [zh_CN_#Hans] masculine ldltr sw361dp w361dp h800dp 560dpi nrml long hdr widecg port night finger -keyb/v/h -nav/h winConfig={ mBounds=Rect(0, 0 - 1264, 2800) mAppBounds=Rect(0, 0 - 1264, 2800) mMaxBounds=Rect(0, 0 - 1264, 2800) mDisplayRotation=ROTATION_0 mWindowingMode=fullscreen mActivityType=standard mAlwaysOnTop=undefined mRotation=ROTATION_0 mPopOverMode=undefined} as.2 suim:1 fontWeightScale:100 changeUserFlag:0 changeUiModeFlag:0 fullScreenVideoFlag:0 splitScreenState:0 landScapeFreeformFlag:1 hoverMode:0 changeIconStyleFlag:0 changeThemeStyleFlag:0 transparentMode:2097152 s.2 fontWeightAdjustment=0}
2026-02-02 23:25:47.282  8796-8796  VRI[PopupW...w:f32d10a] com.jianglicheng.timebank            V  Applying new config to window PopupWindow:f32d10a, globalConfig: {1.0 460mcc7mnc [zh_CN_#Hans] masculine ldltr sw361dp w361dp h800dp 560dpi nrml long hdr widecg port night finger -keyb/v/h -nav/h winConfig={ mBounds=Rect(0, 0 - 1264, 2800) mAppBounds=Rect(0, 0 - 1264, 2800) mMaxBounds=Rect(0, 0 - 1264, 2800) mDisplayRotation=ROTATION_0 mWindowingMode=fullscreen mActivityType=undefined mAlwaysOnTop=undefined mRotation=ROTATION_0 mPopOverMode=undefined} as.2 suim:1 fontWeightScale:100 changeUserFlag:0 changeUiModeFlag:0 fullScreenVideoFlag:0 splitScreenState:0 landScapeFreeformFlag:1 hoverMode:0 changeIconStyleFlag:0 changeThemeStyleFlag:0 transparentMode:2097152 s.5838 fontWeightAdjustment=0}, overrideConfig: {1.0 460mcc7mnc [zh_CN_#Hans] masculine ldltr sw361dp w361dp h800dp 560dpi nrml long hdr widecg port night finger -keyb/v/h -nav/h winConfig={ mBounds=Rect(0, 0 - 1264, 2800) mAppBounds=Rect(0, 0 - 1264, 2800) mMaxBounds=Rect(0, 0 - 1264, 2800) mDisplayRotation=ROTATION_0 mWindowingMode=fullscreen mActivityType=standard mAlwaysOnTop=undefined mRotation=ROTATION_0 mPopOverMode=undefined} as.2 suim:1 fontWeightScale:100 changeUserFlag:0 changeUiModeFlag:0 fullScreenVideoFlag:0 splitScreenState:0 landScapeFreeformFlag:1 hoverMode:0 changeIconStyleFlag:0 changeThemeStyleFlag:0 transparentMode:2097152 s.2 fontWeightAdjustment=0}
2026-02-02 23:25:47.282  8796-8796  FullScreenUtils         com.jianglicheng.timebank            D  isNeedToHideStatusBar: splitscreenstate=0
2026-02-02 23:25:47.282  8796-8796  HwForceDarkManager      com.jianglicheng.timebank            I  isSystemInDarkMode isResUiModeYes: true, isDarkMode: true
2026-02-02 23:25:47.283  8796-8796  FullScreenUtils         com.jianglicheng.timebank            D  isNeedToHideStatusBar: splitscreenstate=0
2026-02-02 23:25:47.283  8796-8974  libEGL                  com.jianglicheng.timebank            D  [eglCreateWindowSurface] start window is 0xb400006df67a6710
2026-02-02 23:25:47.283  8796-8974  BufferQueueProducer     com.jianglicheng.timebank            I  [VRI[PopupWindow:f32d10a]#1(BLAST Consumer)1](id:225c00000001,api:0,p:-1,c:8796) connect: api=1 producerControlledByApp=true
2026-02-02 23:25:47.284  8796-8796  HwForceDarkManager      com.jianglicheng.timebank            I  setAllowedHwForceDark:false package:com.jianglicheng.timebank mCurrProcessState:0 mIsPackageNameChange:false hwForceDarkState:0 isViewAllowedForceDark:true isLastHonorForceDark:false
2026-02-02 23:25:47.286  8796-8796  DE_TS HnDi...ineManager com.jianglicheng.timebank            I  init eye protection mode:PopupWindow:f32d10a
2026-02-02 23:25:47.289  8796-8796  AssistStructure         com.jianglicheng.timebank            I  Flattened final assist data: 13120 bytes, containing 2 windows, 17 views
2026-02-02 23:25:47.290  8796-8796  RtgSchedIpcFile         com.jianglicheng.timebank            D  setCommandByIoctl failed ret:-1, cmdid:22, errno:103
2026-02-02 23:25:47.290  8796-8796  FullScreenUtils         com.jianglicheng.timebank            D  isNeedToHideStatusBar: splitscreenstate=0
2026-02-02 23:25:47.291  8796-8796  VRI[PopupW...w:f32d10a] com.jianglicheng.timebank            D  handleResized: mForceNextWindowRelayout = false
2026-02-02 23:25:47.291  8796-8796  RtgSchedIpcFile         com.jianglicheng.timebank            D  setCommandByIoctl failed ret:-1, cmdid:23, errno:103
2026-02-02 23:25:47.291  8796-8796  FullScreenUtils         com.jianglicheng.timebank            D  isNeedToHideStatusBar: splitscreenstate=0
2026-02-02 23:25:47.292  8796-8796  FullScreenUtils         com.jianglicheng.timebank            D  isNeedToHideStatusBar: splitscreenstate=0
2026-02-02 23:25:47.322  8796-8802  [Smart Gc]              com.jianglicheng.timebank            I  heap expand: 67108864
2026-02-02 23:25:48.172  8796-8796  HiTouch_Pr...reDetector com.jianglicheng.timebank            I  checkDoublePointerLimit: false
2026-02-02 23:25:48.217  8796-9332  Applicatio...ageManager com.jianglicheng.timebank            I  checkGetInstalledAppsPermissionStatus,packageName:com.jianglicheng.timebank,ret:-2
2026-02-02 23:25:48.238  8796-9332  icheng.timebank         com.jianglicheng.timebank            I  AssetManager2(0xb400006e1678b338) locale list changing from [] to [zh-Hans-CN]
2026-02-02 23:25:48.240  8796-9332  icheng.timebank         com.jianglicheng.timebank            I  AssetManager2(0xb400006e1678a078) locale list changing from [] to [zh-Hans-CN]
2026-02-02 23:25:48.242  8796-9332  icheng.timebank         com.jianglicheng.timebank            I  AssetManager2(0xb400006e16783638) locale list changing from [] to [zh-Hans-CN]
2026-02-02 23:25:48.244  8796-9332  icheng.timebank         com.jianglicheng.timebank            I  AssetManager2(0xb400006e1677e818) locale list changing from [] to [zh-Hans-CN]
2026-02-02 23:25:48.248  8796-9332  icheng.timebank         com.jianglicheng.timebank            I  AssetManager2(0xb400006e16783318) locale list changing from [] to [zh-Hans-CN]
2026-02-02 23:25:48.251  8796-9332  icheng.timebank         com.jianglicheng.timebank            I  AssetManager2(0xb400006e16782cd8) locale list changing from [] to [zh-Hans-CN]
2026-02-02 23:25:48.254  8796-9332  icheng.timebank         com.jianglicheng.timebank            I  AssetManager2(0xb400006e1677e1d8) locale list changing from [] to [zh-Hans-CN]
2026-02-02 23:25:48.255  8796-9332  icheng.timebank         com.jianglicheng.timebank            I  AssetManager2(0xb400006e16780438) locale list changing from [] to [zh-Hans-CN]
2026-02-02 23:25:48.257  8796-9332  icheng.timebank         com.jianglicheng.timebank            I  AssetManager2(0xb400006e167816f8) locale list changing from [] to [zh-Hans-CN]
2026-02-02 23:25:48.260  8796-9332  icheng.timebank         com.jianglicheng.timebank            I  AssetManager2(0xb400006e1677eb38) locale list changing from [] to [zh-Hans-CN]
2026-02-02 23:25:48.266  8796-9332  icheng.timebank         com.jianglicheng.timebank            I  AssetManager2(0xb400006e16783958) locale list changing from [] to [zh-Hans-CN]
2026-02-02 23:25:48.269  8796-9332  icheng.timebank         com.jianglicheng.timebank            I  AssetManager2(0xb400006e1677d878) locale list changing from [] to [zh-Hans-CN]
2026-02-02 23:25:48.272  8796-9332  icheng.timebank         com.jianglicheng.timebank            I  AssetManager2(0xb400006e16781a18) locale list changing from [] to [zh-Hans-CN]
2026-02-02 23:25:48.274  8796-9332  icheng.timebank         com.jianglicheng.timebank            I  AssetManager2(0xb400006e16782378) locale list changing from [] to [zh-Hans-CN]
2026-02-02 23:25:48.278  8796-9332  icheng.timebank         com.jianglicheng.timebank            I  AssetManager2(0xb400006e16786b58) locale list changing from [] to [zh-Hans-CN]
2026-02-02 23:25:48.281  8796-9332  icheng.timebank         com.jianglicheng.timebank            I  AssetManager2(0xb400006e1677b938) locale list changing from [] to [zh-Hans-CN]
2026-02-02 23:25:48.289  8796-9332  icheng.timebank         com.jianglicheng.timebank            I  AssetManager2(0xb400006e1677c298) locale list changing from [] to [zh-Hans-CN]
2026-02-02 23:25:48.290  8796-9332  icheng.timebank         com.jianglicheng.timebank            I  AssetManager2(0xb400006e1677bf78) locale list changing from [] to [zh-Hans-CN]
2026-02-02 23:25:48.293  8796-9332  icheng.timebank         com.jianglicheng.timebank            I  AssetManager2(0xb400006e1677c8d8) locale list changing from [] to [zh-Hans-CN]
2026-02-02 23:25:48.296  8796-9332  icheng.timebank         com.jianglicheng.timebank            I  AssetManager2(0xb400006e1677cbf8) locale list changing from [] to [zh-Hans-CN]
2026-02-02 23:25:48.298  8796-9332  icheng.timebank         com.jianglicheng.timebank            I  AssetManager2(0xb400006e16779d18) locale list changing from [] to [zh-Hans-CN]
2026-02-02 23:25:48.301  8796-9332  icheng.timebank         com.jianglicheng.timebank            I  AssetManager2(0xb400006e16773c38) locale list changing from [] to [zh-Hans-CN]
2026-02-02 23:25:48.305  8796-9332  icheng.timebank         com.jianglicheng.timebank            I  AssetManager2(0xb400006e16777ab8) locale list changing from [] to [zh-Hans-CN]
2026-02-02 23:25:48.307  8796-9332  icheng.timebank         com.jianglicheng.timebank            I  AssetManager2(0xb400006e167761b8) locale list changing from [] to [zh-Hans-CN]
2026-02-02 23:25:48.308  8796-9332  icheng.timebank         com.jianglicheng.timebank            I  AssetManager2(0xb400006e16774bd8) locale list changing from [] to [zh-Hans-CN]
2026-02-02 23:25:48.310  8796-9332  icheng.timebank         com.jianglicheng.timebank            I  AssetManager2(0xb400006e16772fb8) locale list changing from [] to [zh-Hans-CN]
2026-02-02 23:25:48.312  8796-9332  icheng.timebank         com.jianglicheng.timebank            I  AssetManager2(0xb400006e16774278) locale list changing from [] to [zh-Hans-CN]
2026-02-02 23:25:48.315  8796-9332  icheng.timebank         com.jianglicheng.timebank            I  AssetManager2(0xb400006e16778d78) locale list changing from [] to [zh-Hans-CN]
2026-02-02 23:25:48.318  8796-9332  icheng.timebank         com.jianglicheng.timebank            I  AssetManager2(0xb400006e16777dd8) locale list changing from [] to [zh-Hans-CN]
2026-02-02 23:25:48.319  8796-9332  icheng.timebank         com.jianglicheng.timebank            I  AssetManager2(0xb400006e16778a58) locale list changing from [] to [zh-Hans-CN]
2026-02-02 23:25:48.321  8796-9332  icheng.timebank         com.jianglicheng.timebank            I  AssetManager2(0xb400006e167796d8) locale list changing from [] to [zh-Hans-CN]
2026-02-02 23:25:48.324  8796-9332  icheng.timebank         com.jianglicheng.timebank            I  AssetManager2(0xb400006e16775858) locale list changing from [] to [zh-Hans-CN]
2026-02-02 23:25:48.326  8796-9332  icheng.timebank         com.jianglicheng.timebank            I  AssetManager2(0xb400006e16775b78) locale list changing from [] to [zh-Hans-CN]
2026-02-02 23:25:48.328  8796-9332  icheng.timebank         com.jianglicheng.timebank            I  AssetManager2(0xb400006e16777798) locale list changing from [] to [zh-Hans-CN]
2026-02-02 23:25:48.330  8796-9332  icheng.timebank         com.jianglicheng.timebank            I  AssetManager2(0xb400006e167799f8) locale list changing from [] to [zh-Hans-CN]
2026-02-02 23:25:48.333  8796-9332  icheng.timebank         com.jianglicheng.timebank            I  AssetManager2(0xb400006e1676c578) locale list changing from [] to [zh-Hans-CN]
2026-02-02 23:25:48.336  8796-9332  icheng.timebank         com.jianglicheng.timebank            I  AssetManager2(0xb400006e1676de78) locale list changing from [] to [zh-Hans-CN]
2026-02-02 23:25:48.340  8796-9332  icheng.timebank         com.jianglicheng.timebank            I  AssetManager2(0xb400006e1676e198) locale list changing from [] to [zh-Hans-CN]
2026-02-02 23:25:48.343  8796-9332  icheng.timebank         com.jianglicheng.timebank            I  AssetManager2(0xb400006e16770a38) locale list changing from [] to [zh-Hans-CN]
2026-02-02 23:25:48.346  8796-9332  icheng.timebank         com.jianglicheng.timebank            I  AssetManager2(0xb400006e1676b5d8) locale list changing from [] to [zh-Hans-CN]
2026-02-02 23:25:48.348  8796-9332  icheng.timebank         com.jianglicheng.timebank            I  AssetManager2(0xb400006e1676e4b8) locale list changing from [] to [zh-Hans-CN]
2026-02-02 23:25:48.355  8796-9332  icheng.timebank         com.jianglicheng.timebank            I  AssetManager2(0xb400006e1676b8f8) locale list changing from [] to [zh-Hans-CN]
2026-02-02 23:25:48.358  8796-9332  icheng.timebank         com.jianglicheng.timebank            I  AssetManager2(0xb400006e1676eaf8) locale list changing from [] to [zh-Hans-CN]
2026-02-02 23:25:48.361  8796-9332  icheng.timebank         com.jianglicheng.timebank            I  AssetManager2(0xb400006e1676cbb8) locale list changing from [] to [zh-Hans-CN]
2026-02-02 23:25:48.363  8796-9332  icheng.timebank         com.jianglicheng.timebank            I  AssetManager2(0xb400006e16769378) locale list changing from [] to [zh-Hans-CN]
2026-02-02 23:25:48.366  8796-9332  icheng.timebank         com.jianglicheng.timebank            I  AssetManager2(0xb400006e167635b8) locale list changing from [] to [zh-Hans-CN]
2026-02-02 23:25:48.367  8796-9332  icheng.timebank         com.jianglicheng.timebank            I  AssetManager2(0xb400006e16769ff8) locale list changing from [] to [zh-Hans-CN]
2026-02-02 23:25:48.369  8796-9332  icheng.timebank         com.jianglicheng.timebank            I  AssetManager2(0xb400006e167686f8) locale list changing from [] to [zh-Hans-CN]
2026-02-02 23:25:48.373  8796-9332  icheng.timebank         com.jianglicheng.timebank            I  AssetManager2(0xb400006e16763f18) locale list changing from [] to [zh-Hans-CN]
2026-02-02 23:25:48.374  8796-9332  icheng.timebank         com.jianglicheng.timebank            I  AssetManager2(0xb400006e16767118) locale list changing from [] to [zh-Hans-CN]
2026-02-02 23:25:48.377  8796-9332  icheng.timebank         com.jianglicheng.timebank            I  AssetManager2(0xb400006e16766ad8) locale list changing from [] to [zh-Hans-CN]
2026-02-02 23:25:48.379  8796-9332  icheng.timebank         com.jianglicheng.timebank            I  AssetManager2(0xb400006e16769cd8) locale list changing from [] to [zh-Hans-CN]
2026-02-02 23:25:48.382  8796-9332  icheng.timebank         com.jianglicheng.timebank            I  AssetManager2(0xb400006e16766498) locale list changing from [] to [zh-Hans-CN]
2026-02-02 23:25:48.384  8796-9332  icheng.timebank         com.jianglicheng.timebank            I  AssetManager2(0xb400006e16763298) locale list changing from [] to [zh-Hans-CN]
2026-02-02 23:25:48.385  8796-9332  icheng.timebank         com.jianglicheng.timebank            I  AssetManager2(0xb400006e167638d8) locale list changing from [] to [zh-Hans-CN]
2026-02-02 23:25:48.389  8796-9332  icheng.timebank         com.jianglicheng.timebank            I  AssetManager2(0xb400006e167699b8) locale list changing from [] to [zh-Hans-CN]
2026-02-02 23:25:48.390  8796-9332  icheng.timebank         com.jianglicheng.timebank            I  AssetManager2(0xb400006e16767438) locale list changing from [] to [zh-Hans-CN]
2026-02-02 23:25:48.393  8796-9332  icheng.timebank         com.jianglicheng.timebank            I  AssetManager2(0xb400006e16764238) locale list changing from [] to [zh-Hans-CN]
2026-02-02 23:25:48.395  8796-9332  icheng.timebank         com.jianglicheng.timebank            I  AssetManager2(0xb400006e16769698) locale list changing from [] to [zh-Hans-CN]
2026-02-02 23:25:48.398  8796-9332  icheng.timebank         com.jianglicheng.timebank            I  AssetManager2(0xb400006e167622f8) locale list changing from [] to [zh-Hans-CN]
2026-02-02 23:25:48.400  8796-9332  icheng.timebank         com.jianglicheng.timebank            I  AssetManager2(0xb400006e16761358) locale list changing from [] to [zh-Hans-CN]
2026-02-02 23:25:48.404  8796-9332  icheng.timebank         com.jianglicheng.timebank            I  AssetManager2(0xb400006e167609f8) locale list changing from [] to [zh-Hans-CN]
2026-02-02 23:25:48.406  8796-9332  icheng.timebank         com.jianglicheng.timebank            I  AssetManager2(0xb400006e1675bef8) locale list changing from [] to [zh-Hans-CN]
2026-02-02 23:25:48.407  8796-9332  icheng.timebank         com.jianglicheng.timebank            I  AssetManager2(0xb400006e1675fd78) locale list changing from [] to [zh-Hans-CN]
2026-02-02 23:25:48.410  8796-9332  icheng.timebank         com.jianglicheng.timebank            I  AssetManager2(0xb400006e1675c858) locale list changing from [] to [zh-Hans-CN]
2026-02-02 23:25:48.413  8796-9332  icheng.timebank         com.jianglicheng.timebank            I  AssetManager2(0xb400006e1675b598) locale list changing from [] to [zh-Hans-CN]
2026-02-02 23:25:48.416  8796-9332  icheng.timebank         com.jianglicheng.timebank            I  AssetManager2(0xb400006e1675e478) locale list changing from [] to [zh-Hans-CN]
2026-02-02 23:25:48.419  8796-9332  icheng.timebank         com.jianglicheng.timebank            I  AssetManager2(0xb400006e1675d7f8) locale list changing from [] to [zh-Hans-CN]
2026-02-02 23:25:48.421  8796-9332  icheng.timebank         com.jianglicheng.timebank            I  AssetManager2(0xb400006e16760d18) locale list changing from [] to [zh-Hans-CN]
2026-02-02 23:25:48.423  8796-9332  icheng.timebank         com.jianglicheng.timebank            I  AssetManager2(0xb400006e16761cb8) locale list changing from [] to [zh-Hans-CN]
2026-02-02 23:25:48.425  8796-9332  icheng.timebank         com.jianglicheng.timebank            I  AssetManager2(0xb400006e1675ce98) locale list changing from [] to [zh-Hans-CN]
2026-02-02 23:25:48.427  8796-9332  icheng.timebank         com.jianglicheng.timebank            I  AssetManager2(0xb400006e1675ac38) locale list changing from [] to [zh-Hans-CN]
2026-02-02 23:25:48.428  8796-9332  icheng.timebank         com.jianglicheng.timebank            I  AssetManager2(0xb400006e16752f38) locale list changing from [] to [zh-Hans-CN]
2026-02-02 23:25:48.431  8796-9332  icheng.timebank         com.jianglicheng.timebank            I  AssetManager2(0xb400006e167570d8) locale list changing from [] to [zh-Hans-CN]
2026-02-02 23:25:48.435  8796-9332  icheng.timebank         com.jianglicheng.timebank            I  AssetManager2(0xb400006e16755e18) locale list changing from [] to [zh-Hans-CN]
2026-02-02 23:25:48.437  8796-9332  icheng.timebank         com.jianglicheng.timebank            I  AssetManager2(0xb400006e16755af8) locale list changing from [] to [zh-Hans-CN]
2026-02-02 23:25:48.440  8796-9332  icheng.timebank         com.jianglicheng.timebank            I  AssetManager2(0xb400006e16759018) locale list changing from [] to [zh-Hans-CN]
2026-02-02 23:25:48.443  8796-9332  icheng.timebank         com.jianglicheng.timebank            I  AssetManager2(0xb400006e16754518) locale list changing from [] to [zh-Hans-CN]
2026-02-02 23:25:48.446  8796-9332  icheng.timebank         com.jianglicheng.timebank            I  AssetManager2(0xb400006e16759978) locale list changing from [] to [zh-Hans-CN]
2026-02-02 23:25:48.447  8796-9332  icheng.timebank         com.jianglicheng.timebank            I  AssetManager2(0xb400006e167557d8) locale list changing from [] to [zh-Hans-CN]
2026-02-02 23:25:48.453  8796-9332  icheng.timebank         com.jianglicheng.timebank            I  AssetManager2(0xb400006e16756458) locale list changing from [] to [zh-Hans-CN]
2026-02-02 23:25:48.455  8796-9332  icheng.timebank         com.jianglicheng.timebank            I  AssetManager2(0xb400006e16757d58) locale list changing from [] to [zh-Hans-CN]
2026-02-02 23:25:48.457  8796-9332  icheng.timebank         com.jianglicheng.timebank            I  AssetManager2(0xb400006e16759658) locale list changing from [] to [zh-Hans-CN]
2026-02-02 23:25:48.461  8796-9332  icheng.timebank         com.jianglicheng.timebank            I  AssetManager2(0xb400006e16759fb8) locale list changing from [] to [zh-Hans-CN]
2026-02-02 23:25:48.465  8796-9332  icheng.timebank         com.jianglicheng.timebank            I  AssetManager2(0xb400006e1674e118) locale list changing from [] to [zh-Hans-CN]
2026-02-02 23:25:48.467  8796-9332  icheng.timebank         com.jianglicheng.timebank            I  AssetManager2(0xb400006e1674f3d8) locale list changing from [] to [zh-Hans-CN]
2026-02-02 23:25:48.471  8796-9332  icheng.timebank         com.jianglicheng.timebank            I  AssetManager2(0xb400006e1674f0b8) locale list changing from [] to [zh-Hans-CN]
2026-02-02 23:25:48.475  8796-9332  icheng.timebank         com.jianglicheng.timebank            I  AssetManager2(0xb400006e16751958) locale list changing from [] to [zh-Hans-CN]
2026-02-02 23:25:48.478  8796-9332  icheng.timebank         com.jianglicheng.timebank            I  AssetManager2(0xb400006e1674d498) locale list changing from [] to [zh-Hans-CN]
2026-02-02 23:25:48.482  8796-9332  icheng.timebank         com.jianglicheng.timebank            I  AssetManager2(0xb400006e16750378) locale list changing from [] to [zh-Hans-CN]
2026-02-02 23:25:48.484  8796-9332  icheng.timebank         com.jianglicheng.timebank            I  AssetManager2(0xb400006e1674c818) locale list changing from [] to [zh-Hans-CN]
2026-02-02 23:25:48.490  8796-9332  icheng.timebank         com.jianglicheng.timebank            I  AssetManager2(0xb400006e16751318) locale list changing from [] to [zh-Hans-CN]
2026-02-02 23:25:48.496  8796-9332  icheng.timebank         com.jianglicheng.timebank            I  AssetManager2(0xb400006e167522b8) locale list changing from [] to [zh-Hans-CN]
2026-02-02 23:25:48.500  8796-9332  icheng.timebank         com.jianglicheng.timebank            I  AssetManager2(0xb400006e16750698) locale list changing from [] to [zh-Hans-CN]
2026-02-02 23:25:48.502  8796-9332  icheng.timebank         com.jianglicheng.timebank            I  AssetManager2(0xb400006e1674bb98) locale list changing from [] to [zh-Hans-CN]
2026-02-02 23:25:48.507  8796-9332  icheng.timebank         com.jianglicheng.timebank            I  AssetManager2(0xb400006e1674ea78) locale list changing from [] to [zh-Hans-CN]
2026-02-02 23:25:48.511  8796-9332  icheng.timebank         com.jianglicheng.timebank            I  AssetManager2(0xb400006e1674d7b8) locale list changing from [] to [zh-Hans-CN]
2026-02-02 23:25:48.512  8796-9332  icheng.timebank         com.jianglicheng.timebank            I  AssetManager2(0xb400006e167479f8) locale list changing from [] to [zh-Hans-CN]
2026-02-02 23:25:48.516  8796-9332  icheng.timebank         com.jianglicheng.timebank            I  AssetManager2(0xb400006e16745158) locale list changing from [] to [zh-Hans-CN]
2026-02-02 23:25:48.524  8796-9332  icheng.timebank         com.jianglicheng.timebank            I  AssetManager2(0xb400006e16745ab8) locale list changing from [] to [zh-Hans-CN]
2026-02-02 23:25:48.526  8796-9332  icheng.timebank         com.jianglicheng.timebank            I  AssetManager2(0xb400006e16749c58) locale list changing from [] to [zh-Hans-CN]
2026-02-02 23:25:48.528  8796-9332  icheng.timebank         com.jianglicheng.timebank            I  AssetManager2(0xb400006e167476d8) locale list changing from [] to [zh-Hans-CN]
2026-02-02 23:25:48.530  8796-9332  icheng.timebank         com.jianglicheng.timebank            I  AssetManager2(0xb400006e16746a58) locale list changing from [] to [zh-Hans-CN]
2026-02-02 23:25:48.533  8796-9332  icheng.timebank         com.jianglicheng.timebank            I  AssetManager2(0xb400006e16749618) locale list changing from [] to [zh-Hans-CN]
2026-02-02 23:25:48.536  8796-9332  icheng.timebank         com.jianglicheng.timebank            I  AssetManager2(0xb400006e16746418) locale list changing from [] to [zh-Hans-CN]
2026-02-02 23:25:48.538  8796-9332  icheng.timebank         com.jianglicheng.timebank            I  AssetManager2(0xb400006e167444d8) locale list changing from [] to [zh-Hans-CN]
2026-02-02 23:25:48.541  8796-9332  icheng.timebank         com.jianglicheng.timebank            I  AssetManager2(0xb400006e1674a8d8) locale list changing from [] to [zh-Hans-CN]
2026-02-02 23:25:48.544  8796-9332  icheng.timebank         com.jianglicheng.timebank            I  AssetManager2(0xb400006e16743e98) locale list changing from [] to [zh-Hans-CN]
2026-02-02 23:25:48.546  8796-9332  icheng.timebank         com.jianglicheng.timebank            I  AssetManager2(0xb400006e16749938) locale list changing from [] to [zh-Hans-CN]
2026-02-02 23:25:48.548  8796-9332  icheng.timebank         com.jianglicheng.timebank            I  AssetManager2(0xb400006e16749f78) locale list changing from [] to [zh-Hans-CN]
2026-02-02 23:25:48.550  8796-9332  icheng.timebank         com.jianglicheng.timebank            I  AssetManager2(0xb400006e16747d18) locale list changing from [] to [zh-Hans-CN]
2026-02-02 23:25:48.552  8796-9332  icheng.timebank         com.jianglicheng.timebank            I  AssetManager2(0xb400006e167412d8) locale list changing from [] to [zh-Hans-CN]
2026-02-02 23:25:48.554  8796-9332  icheng.timebank         com.jianglicheng.timebank            I  AssetManager2(0xb400006e1673be78) locale list changing from [] to [zh-Hans-CN]
2026-02-02 23:25:48.557  8796-9332  icheng.timebank         com.jianglicheng.timebank            I  AssetManager2(0xb400006e16740018) locale list changing from [] to [zh-Hans-CN]
2026-02-02 23:25:48.559  8796-9332  icheng.timebank         com.jianglicheng.timebank            I  AssetManager2(0xb400006e1673d138) locale list changing from [] to [zh-Hans-CN]
2026-02-02 23:25:48.562  8796-9332  icheng.timebank         com.jianglicheng.timebank            I  AssetManager2(0xb400006e16740658) locale list changing from [] to [zh-Hans-CN]
2026-02-02 23:25:48.565  8796-9332  icheng.timebank         com.jianglicheng.timebank            I  AssetManager2(0xb400006e1673f078) locale list changing from [] to [zh-Hans-CN]
2026-02-02 23:25:48.567  8796-9332  icheng.timebank         com.jianglicheng.timebank            I  AssetManager2(0xb400006e1673e718) locale list changing from [] to [zh-Hans-CN]
2026-02-02 23:25:48.569  8796-9332  icheng.timebank         com.jianglicheng.timebank            I  AssetManager2(0xb400006e1673b838) locale list changing from [] to [zh-Hans-CN]
2026-02-02 23:25:48.572  8796-9332  icheng.timebank         com.jianglicheng.timebank            I  AssetManager2(0xb400006e167415f8) locale list changing from [] to [zh-Hans-CN]
2026-02-02 23:25:48.578  8796-9332  icheng.timebank         com.jianglicheng.timebank            I  AssetManager2(0xb400006e16742278) locale list changing from [] to [zh-Hans-CN]
2026-02-02 23:25:48.581  8796-9332  icheng.timebank         com.jianglicheng.timebank            I  AssetManager2(0xb400006e16740fb8) locale list changing from [] to [zh-Hans-CN]
2026-02-02 23:25:48.583  8796-9332  icheng.timebank         com.jianglicheng.timebank            I  AssetManager2(0xb400006e1673ce18) locale list changing from [] to [zh-Hans-CN]
2026-02-02 23:25:48.586  8796-9332  icheng.timebank         com.jianglicheng.timebank            I  AssetManager2(0xb400006e1673e0d8) locale list changing from [] to [zh-Hans-CN]
2026-02-02 23:25:48.587  8796-9332  icheng.timebank         com.jianglicheng.timebank            I  AssetManager2(0xb400006e16741f58) locale list changing from [] to [zh-Hans-CN]
2026-02-02 23:25:48.591  8796-9332  icheng.timebank         com.jianglicheng.timebank            I  AssetManager2(0xb400006e1673bb58) locale list changing from [] to [zh-Hans-CN]
2026-02-02 23:25:48.593  8796-9332  icheng.timebank         com.jianglicheng.timebank            I  AssetManager2(0xb400006e1673d778) locale list changing from [] to [zh-Hans-CN]
2026-02-02 23:25:48.595  8796-9332  icheng.timebank         com.jianglicheng.timebank            I  AssetManager2(0xb400006e16738c78) locale list changing from [] to [zh-Hans-CN]
2026-02-02 23:25:48.598  8796-9332  icheng.timebank         com.jianglicheng.timebank            I  AssetManager2(0xb400006e16735d98) locale list changing from [] to [zh-Hans-CN]
2026-02-02 23:25:48.600  8796-9332  icheng.timebank         com.jianglicheng.timebank            I  AssetManager2(0xb400006e1673b1f8) locale list changing from [] to [zh-Hans-CN]
2026-02-02 23:25:48.603  8796-9332  icheng.timebank         com.jianglicheng.timebank            I  AssetManager2(0xb400006e1673aed8) locale list changing from [] to [zh-Hans-CN]
2026-02-02 23:25:48.605  8796-9332  icheng.timebank         com.jianglicheng.timebank            I  AssetManager2(0xb400006e16737378) locale list changing from [] to [zh-Hans-CN]
2026-02-02 23:25:48.607  8796-9332  icheng.timebank         com.jianglicheng.timebank            I  AssetManager2(0xb400006e16735118) locale list changing from [] to [zh-Hans-CN]
2026-02-02 23:25:48.609  8796-9332  icheng.timebank         com.jianglicheng.timebank            I  AssetManager2(0xb400006e167379b8) locale list changing from [] to [zh-Hans-CN]
2026-02-02 23:25:48.611  8796-9332  icheng.timebank         com.jianglicheng.timebank            I  AssetManager2(0xb400006e16737ff8) locale list changing from [] to [zh-Hans-CN]
2026-02-02 23:25:48.613  8796-9332  icheng.timebank         com.jianglicheng.timebank            I  AssetManager2(0xb400006e16734178) locale list changing from [] to [zh-Hans-CN]
2026-02-02 23:25:48.615  8796-9332  icheng.timebank         com.jianglicheng.timebank            I  AssetManager2(0xb400006e16738f98) locale list changing from [] to [zh-Hans-CN]
2026-02-02 23:25:48.616  8796-9332  icheng.timebank         com.jianglicheng.timebank            I  AssetManager2(0xb400006e167366f8) locale list changing from [] to [zh-Hans-CN]
2026-02-02 23:25:48.619  8796-9332  icheng.timebank         com.jianglicheng.timebank            I  AssetManager2(0xb400006e16733e58) locale list changing from [] to [zh-Hans-CN]
2026-02-02 23:25:48.621  8796-9332  icheng.timebank         com.jianglicheng.timebank            I  AssetManager2(0xb400006e167347b8) locale list changing from [] to [zh-Hans-CN]
2026-02-02 23:25:48.624  8796-9332  icheng.timebank         com.jianglicheng.timebank            I  AssetManager2(0xb400006e16738958) locale list changing from [] to [zh-Hans-CN]
2026-02-02 23:25:48.626  8796-9332  icheng.timebank         com.jianglicheng.timebank            I  AssetManager2(0xb400006e167363d8) locale list changing from [] to [zh-Hans-CN]
2026-02-02 23:25:48.630  8796-9332  icheng.timebank         com.jianglicheng.timebank            I  AssetManager2(0xb400006e16730618) locale list changing from [] to [zh-Hans-CN]
2026-02-02 23:25:48.632  8796-9332  icheng.timebank         com.jianglicheng.timebank            I  AssetManager2(0xb400006e1672d0f8) locale list changing from [] to [zh-Hans-CN]
2026-02-02 23:25:48.634  8796-9332  icheng.timebank         com.jianglicheng.timebank            I  AssetManager2(0xb400006e16730c58) locale list changing from [] to [zh-Hans-CN]
2026-02-02 23:25:48.637  8796-9332  icheng.timebank         com.jianglicheng.timebank            I  AssetManager2(0xb400006e1672ffd8) locale list changing from [] to [zh-Hans-CN]
2026-02-02 23:25:48.640  8796-9332  icheng.timebank         com.jianglicheng.timebank            I  AssetManager2(0xb400006e1672c158) locale list changing from [] to [zh-Hans-CN]
2026-02-02 23:25:48.647  8796-9332  icheng.timebank         com.jianglicheng.timebank            I  AssetManager2(0xb400006e1672c478) locale list changing from [] to [zh-Hans-CN]
2026-02-02 23:25:48.649  8796-9332  icheng.timebank         com.jianglicheng.timebank            I  AssetManager2(0xb400006e1672f038) locale list changing from [] to [zh-Hans-CN]
2026-02-02 23:25:48.650  8796-9332  icheng.timebank         com.jianglicheng.timebank            I  AssetManager2(0xb400006e1672be38) locale list changing from [] to [zh-Hans-CN]
2026-02-02 23:25:48.652  8796-9332  icheng.timebank         com.jianglicheng.timebank            I  AssetManager2(0xb400006e1672fcb8) locale list changing from [] to [zh-Hans-CN]
2026-02-02 23:25:48.659  8796-9332  icheng.timebank         com.jianglicheng.timebank            I  AssetManager2(0xb400006e16730938) locale list changing from [] to [zh-Hans-CN]
2026-02-02 23:25:48.661  8796-9332  icheng.timebank         com.jianglicheng.timebank            I  AssetManager2(0xb400006e167331d8) locale list changing from [] to [zh-Hans-CN]
2026-02-02 23:25:48.666  8796-9332  icheng.timebank         com.jianglicheng.timebank            I  AssetManager2(0xb400006e16732238) locale list changing from [] to [zh-Hans-CN]
2026-02-02 23:25:48.668  8796-9332  icheng.timebank         com.jianglicheng.timebank            I  AssetManager2(0xb400006e1672d418) locale list changing from [] to [zh-Hans-CN]
2026-02-02 23:25:48.671  8796-9332  icheng.timebank         com.jianglicheng.timebank            I  AssetManager2(0xb400006e167318d8) locale list changing from [] to [zh-Hans-CN]
2026-02-02 23:25:48.673  8796-9332  icheng.timebank         com.jianglicheng.timebank            I  AssetManager2(0xb400006e16727c98) locale list changing from [] to [zh-Hans-CN]
2026-02-02 23:25:48.674  8796-9332  icheng.timebank         com.jianglicheng.timebank            I  AssetManager2(0xb400006e167298b8) locale list changing from [] to [zh-Hans-CN]
2026-02-02 23:25:48.676  8796-9332  icheng.timebank         com.jianglicheng.timebank            I  AssetManager2(0xb400006e16725a38) locale list changing from [] to [zh-Hans-CN]
2026-02-02 23:25:48.680  8796-9332  icheng.timebank         com.jianglicheng.timebank            I  AssetManager2(0xb400006e16727338) locale list changing from [] to [zh-Hans-CN]
2026-02-02 23:25:48.683  8796-9332  icheng.timebank         com.jianglicheng.timebank            I  AssetManager2(0xb400006e1670efb8) locale list changing from [] to [zh-Hans-CN]
2026-02-02 23:25:48.684  8796-9332  icheng.timebank         com.jianglicheng.timebank            I  AssetManager2(0xb400006e16712e38) locale list changing from [] to [zh-Hans-CN]
2026-02-02 23:25:48.686  8796-9332  icheng.timebank         com.jianglicheng.timebank            I  AssetManager2(0xb400006e1670dcf8) locale list changing from [] to [zh-Hans-CN]
2026-02-02 23:25:48.688  8796-9332  icheng.timebank         com.jianglicheng.timebank            I  AssetManager2(0xb400006e16709838) locale list changing from [] to [zh-Hans-CN]
2026-02-02 23:25:48.690  8796-9332  icheng.timebank         com.jianglicheng.timebank            I  AssetManager2(0xb400006e167072b8) locale list changing from [] to [zh-Hans-CN]
2026-02-02 23:25:48.691  8796-9332  icheng.timebank         com.jianglicheng.timebank            I  AssetManager2(0xb400006e16706c78) locale list changing from [] to [zh-Hans-CN]
2026-02-02 23:25:48.694  8796-9332  icheng.timebank         com.jianglicheng.timebank            I  AssetManager2(0xb400006e1678dbd8) locale list changing from [] to [zh-Hans-CN]
2026-02-02 23:25:48.697  8796-9332  icheng.timebank         com.jianglicheng.timebank            I  AssetManager2(0xb400006e16790dd8) locale list changing from [] to [zh-Hans-CN]
2026-02-02 23:25:48.699  8796-9332  icheng.timebank         com.jianglicheng.timebank            I  AssetManager2(0xb400006e167910f8) locale list changing from [] to [zh-Hans-CN]
2026-02-02 23:25:48.753  8796-8796  WindowOnBackDispatcher  com.jianglicheng.timebank            W  sendCancelIfRunning: isInProgress=false callback=android.widget.PopupWindow$PopupDecorView$$ExternalSyntheticLambda1@983b62d
2026-02-02 23:25:48.753  8796-8796  VRI[PopupW...w:f32d10a] com.jianglicheng.timebank            I  dispatchDetachedFromWindow in doDie
2026-02-02 23:25:48.759  8796-8974  libEGL                  com.jianglicheng.timebank            D  [eglDestroySurface] start surface is 0xb400006e46744470
2026-02-02 23:25:48.761  8796-8974  BufferQueueProducer     com.jianglicheng.timebank            I  [VRI[PopupWindow:f32d10a]#1(BLAST Consumer)1](id:225c00000001,api:1,p:8796,c:8796) disconnect: api 1
2026-02-02 23:25:48.761  8796-8796  SurfaceControl          com.jianglicheng.timebank            I  nativeRelease 0xb400006f1672f750 count: 2 name: PopupWindow:f32d10a#24815
2026-02-02 23:25:48.761  8796-8796  BufferQueueConsumer     com.jianglicheng.timebank            I  [VRI[PopupWindow:f32d10a]#1(BLAST Consumer)1](id:225c00000001,api:0,p:-1,c:8796) disconnect
2026-02-02 23:25:48.761  8796-8796  icheng.timebank         com.jianglicheng.timebank            W  Binder 0xb400006da672df60 destroyed after setInheritRt before being parceled.
2026-02-02 23:25:48.771  8796-8796  DE_TS HnDi...ineManager com.jianglicheng.timebank            I  Deinit eye protection mode:PopupWindow:f32d10a
2026-02-02 23:25:48.891  8796-8796  HiTouch_Pr...reDetector com.jianglicheng.timebank            I  checkDoublePointerLimit: false
2026-02-02 23:25:49.551  8796-8796  HiTouch_Pr...reDetector com.jianglicheng.timebank            I  checkDoublePointerLimit: false
2026-02-02 23:25:49.629  8796-8796  chromium                com.jianglicheng.timebank            I  [INFO:CONSOLE:27306] "[saveScreenTimeSettings] , enabled: true", source: https://timebank.local/assets/www/index.html (27306)
2026-02-02 23:25:49.631  8796-9332  TimeBank                com.jianglicheng.timebank            D  [Native] ScreenTime settings saved, length=347
2026-02-02 23:25:49.632  8796-8796  chromium                com.jianglicheng.timebank            I  [INFO:CONSOLE:27317] "[saveScreenTimeSettings] Android ", source: https://timebank.local/assets/www/index.html (27317)
2026-02-02 23:25:49.632  8796-8796  chromium                com.jianglicheng.timebank            I  [INFO:CONSOLE:27326] "[saveScreenTimeSettings] localStorage ", source: https://timebank.local/assets/www/index.html (27326)
2026-02-02 23:25:49.632  8796-8796  chromium                com.jianglicheng.timebank            I  [INFO:CONSOLE:27332] "[saveScreenTimeSettings] : [object Object]", source: https://timebank.local/assets/www/index.html (27332)
2026-02-02 23:25:49.632  8796-8796  chromium                com.jianglicheng.timebank            I  [INFO:CONSOLE:27360] "[saveScreenTimeSettings] : [object Object]", source: https://timebank.local/assets/www/index.html (27360)
2026-02-02 23:25:49.757  8796-8796  chromium                com.jianglicheng.timebank            I  [INFO:CONSOLE:16] "nextevent 69 ignored [object Object]", source: https://timebank.local/assets/www/cloudbase.v2.bundle.js (16)
2026-02-02 23:25:49.759  8796-8796  chromium                com.jianglicheng.timebank            I  [INFO:CONSOLE:10888] " [DAL] Profile ", source: https://timebank.local/assets/www/index.html (10888)
2026-02-02 23:25:49.792  8796-9332  TimeBank                com.jianglicheng.timebank            D  updateWidgets called: balance=-104090, limit=120
2026-02-02 23:25:49.792  8796-8796  chromium                com.jianglicheng.timebank            I  [INFO:CONSOLE:24407] "[Widget] Updating widgets: balance=-104090, limit=120", source: https://timebank.local/assets/www/index.html (24407)
2026-02-02 23:25:49.797  8796-9332  TimeBank                com.jianglicheng.timebank            D  Widgets updated: balance=0, classic=0, glass=0
2026-02-02 23:25:49.801  8796-8796  chromium                com.jianglicheng.timebank            I  [INFO:CONSOLE:27365] "[saveScreenTimeSettings] ", source: https://timebank.local/assets/www/index.html (27365)
2026-02-02 23:25:50.621  8796-8796  RmeSchedManager         com.jianglicheng.timebank            I  init Rme, version is: v1.0
2026-02-02 23:25:50.621  8796-8796  RtgSched                com.jianglicheng.timebank            D  resetRtgSchedHandle failed enable:0
2026-02-02 23:25:50.662  8796-8796  RmeSchedManager         com.jianglicheng.timebank            I  init Rme, version is: v1.0
2026-02-02 23:25:50.662  8796-8796  RtgSched                com.jianglicheng.timebank            D  resetRtgSchedHandle failed enable:1
2026-02-02 23:25:50.663  8796-8796  RmeSchedManager         com.jianglicheng.timebank            I  init Rme, version is: v1.0
2026-02-02 23:25:50.663  8796-8796  RtgSched                com.jianglicheng.timebank            D  resetRtgSchedHandle failed enable:0
2026-02-02 23:25:50.678  8796-8796  SurfaceControl          com.jianglicheng.timebank            I  nativeRelease 0xb400006f167250d0 count: 1 name: Surface(name=a03f0ce NavigationBar0)/@0xb97ab98 - animation-leash of insets_animation#24809
2026-02-02 23:25:50.678  8796-8796  SurfaceControl          com.jianglicheng.timebank            I  nativeRelease 0xb400006f16734070 count: 1 name: Surface(name=6f6a76d StatusBar)/@0xba93a2d - animation-leash of insets_animation#24810
2026-02-02 23:25:50.680  8796-8796  VRI[MainActivity]       com.jianglicheng.timebank            I  send MSG_WINDOW_FOCUS_CHANGED msg
2026-02-02 23:25:50.680  8796-8796  InputEventReceiver      com.jianglicheng.timebank            I  consumeEvents focus, 0
2026-02-02 23:25:50.681  8796-8796  ViewRootImpl            com.jianglicheng.timebank            I  focus window changed, set pointer icon to default
2026-02-02 23:25:51.292  8796-8796  VRI[MainActivity]       com.jianglicheng.timebank            D  visibilityChanged oldVisibility=true newVisibility=false
2026-02-02 23:25:51.295  8796-8809  [Smart Gc]              com.jianglicheng.timebank            I  heap restore heap args
2026-02-02 23:25:51.311  8796-8974  libEGL                  com.jianglicheng.timebank            D  [eglDestroySurface] start surface is 0xb400006e46730070
2026-02-02 23:25:51.312  8796-8974  BufferQueueProducer     com.jianglicheng.timebank            I  [VRI[MainActivity]#0(BLAST Consumer)0](id:225c00000000,api:1,p:8796,c:8796) disconnect: api 1
2026-02-02 23:25:51.318  8796-8796  SurfaceControl          com.jianglicheng.timebank            I  nativeRelease 0xb400006f16730290 count: 2 name: com.jianglicheng.timebank/com.jianglicheng.timebank.MainActivity#24808
2026-02-02 23:25:51.318  8796-8796  VRI[MainActivity]       com.jianglicheng.timebank            D  relayoutWindow: mRelayoutRequested = true
2026-02-02 23:25:51.320  8796-8796  BufferQueueConsumer     com.jianglicheng.timebank            I  [VRI[MainActivity]#0(BLAST Consumer)0](id:225c00000000,api:0,p:-1,c:8796) disconnect
2026-02-02 23:25:51.320  8796-8796  icheng.timebank         com.jianglicheng.timebank            W  Binder 0xb400006da6737960 destroyed after setInheritRt before being parceled.
2026-02-02 23:25:51.321  8796-8796  FullScreenUtils         com.jianglicheng.timebank            D  isNeedToHideStatusBar: splitscreenstate=0
2026-02-02 23:25:51.337  8796-8796  HnActivity...ionStateEx com.jianglicheng.timebank            D  onStop : com.jianglicheng.timebank.MainActivity@a2edd8b
2026-02-02 23:25:51.337  8796-8796  AutofillManager         com.jianglicheng.timebank            I  onInvisibleForAutofill(): expiringResponse
2026-02-02 23:25:51.340  8796-8796  DecorView[]             com.jianglicheng.timebank            I  set decor visibility 4
2026-02-02 23:25:51.340  8796-8796  InputMethodManager      com.jianglicheng.timebank            I  handleMessage: MSG_SET_ACTIVE false, was true
2026-02-02 23:25:51.341  8796-8796  InputMethodManager      com.jianglicheng.timebank            I  handleMessage: MSG_UNBIND 1654 reason=SWITCH_CLIENT
2026-02-02 23:25:51.341  8796-8796  InputMethodManager      com.jianglicheng.timebank            V  Clearing all accessibility bindings
2026-02-02 23:25:51.341  8796-8796  InputMethodManager      com.jianglicheng.timebank            V  Clearing binding!
2026-02-02 23:25:51.359  8796-8796  VRI[MainActivity]       com.jianglicheng.timebank            D  relayoutWindow: mRelayoutRequested = true
2026-02-02 23:25:51.360  8796-8796  FullScreenUtils         com.jianglicheng.timebank            D  isNeedToHideStatusBar: splitscreenstate=0
2026-02-02 23:25:51.604  8796-8845  ZrHung.AppEyeUiProbe    com.jianglicheng.timebank            D  not watching, wait.
2026-02-02 23:25:51.717  8796-8796  AutofillManager         com.jianglicheng.timebank            I  RMFS onActivityFinishing() mSaveOnFinish:false sessionId:2147483647
2026-02-02 23:25:51.717  8796-8796  AutofillManager         com.jianglicheng.timebank            I  RMFS cancelSessionLocked(): FINISHED sessionId:2147483647
---------------------------- PROCESS ENDED (8796) for package com.jianglicheng.timebank ----------------------------
2026-02-02 23:25:52.775 10726-10726 Zygote                  com.jianglicheng.timebank            I  MountEmulatedStorage
2026-02-02 23:25:52.775 10726-10726 Zygote                  com.jianglicheng.timebank            I  mount_data_dirs
2026-02-02 23:25:52.776 10726-10726 Zygote                  com.jianglicheng.timebank            I  mount_storage_dirs
2026-02-02 23:25:52.777 10726-10726 Zygote                  com.jianglicheng.timebank            I  PreInitializeNativeBridge
2026-02-02 23:25:52.784 10726-10726 Zygote                  com.jianglicheng.timebank            I  CallStaticVoidMethod
2026-02-02 23:25:52.785 10726-10726 icheng.timebank         com.jianglicheng.timebank            I  Late-enabling -Xcheck:jni
2026-02-02 23:25:52.803 10726-10726 icheng.timebank         com.jianglicheng.timebank            I  Using CollectorTypeCC GC.
2026-02-02 23:25:52.804 10726-10726 icheng.timebank         com.jianglicheng.timebank            I  Reinit property: dalvik.vm.checkjni= false
2026-02-02 23:25:52.804 10726-10726 icheng.timebank         com.jianglicheng.timebank            I  ReInitProperties: persist.vm.debug.dumpapi= false
---------------------------- PROCESS STARTED (10726) for package com.jianglicheng.timebank ----------------------------
2026-02-02 23:25:52.810 10726-10726 nativeloader            com.jianglicheng.timebank            D  Load libframework-connectivity-tiramisu-jni.so using APEX ns com_android_tethering for caller /apex/com.android.tethering/javalib/framework-connectivity-t.jar: ok
2026-02-02 23:25:52.811 10726-10739 icheng.timebank         com.jianglicheng.timebank            I  Is commercial user: 1
2026-02-02 23:25:52.811 10726-10726 libc                    com.jianglicheng.timebank            W  Access denied finding property "ro.debuggable"
2026-02-02 23:25:52.807 10726-10726 icheng.timebank         com.jianglicheng.timebank            W  type=1400 audit(0.0:259933): avc:  denied  { read } for  name="u:object_r:userdebug_or_eng_prop:s0" dev="tmpfs" ino=677 scontext=u:r:untrusted_app:s0:c157,c257,c512,c768 tcontext=u:object_r:userdebug_or_eng_prop:s0 tclass=file permissive=0
2026-02-02 23:25:52.813 10726-10726 ActivityThread          com.jianglicheng.timebank            I  preloadStatus:1
2026-02-02 23:25:52.814 10726-10726 HwActivityThreadImpl    com.jianglicheng.timebank            I  initHwArgs begin, args = [], length = 0
2026-02-02 23:25:52.814 10726-10726 ActivityThread          com.jianglicheng.timebank            I  initHwArgs result ok for mw or virtual
2026-02-02 23:25:52.815 10726-10726 ActivityThread          com.jianglicheng.timebank            D  Attach thread to application
2026-02-02 23:25:52.820 10726-10758 nativeloader            com.jianglicheng.timebank            D  Load libioperf_jni.so using system ns (caller=/system/framework/framework-magic.jar!classes2.dex): ok
2026-02-02 23:25:52.820 10726-10758 IoPerfPtePrereadJni     com.jianglicheng.timebank            D  do pte preread content 0 10413 10726 com.jianglicheng.timebank /data/system/iaware/fmps/com.jianglicheng.timebank/com.jianglicheng.timebank
2026-02-02 23:25:52.831 10726-10759 HwActivityThreadImpl    com.jianglicheng.timebank            I   closePreloadSocket mPreloadStatus 3
2026-02-02 23:25:52.833 10726-10726 Typeface                com.jianglicheng.timebank            I  setSystemFontMap SharedMemory
2026-02-02 23:25:52.836 10726-10733 icheng.timebank         com.jianglicheng.timebank            W  Missing inline cache for void java.util.logging.Logger.doSetParent(java.util.logging.Logger)
2026-02-02 23:25:52.837 10726-10733 icheng.timebank         com.jianglicheng.timebank            W  Missing inline cache for void java.util.logging.Logger.updateEffectiveLevel()
2026-02-02 23:25:52.838 10726-10733 icheng.timebank         com.jianglicheng.timebank            W  Missing inline cache for java.util.logging.Logger java.util.logging.LogManager$LoggerContext.findLogger(java.lang.String)
2026-02-02 23:25:52.840 10726-10726 Typeface                com.jianglicheng.timebank            I  setSystemFontMap Typaface
2026-02-02 23:25:52.844 10726-10748 ActivityThread          com.jianglicheng.timebank            I  Init compatible state: true
2026-02-02 23:25:52.844 10726-10726 ResourcesManager        com.jianglicheng.timebank            I  applyConfigurationToResources: smallestScreenWidthDp = 361mMaxBounds = Rect(0, 0 - 1264, 2800)
2026-02-02 23:25:52.918 10726-10726 nativeloader            com.jianglicheng.timebank            D  Configuring clns-9 for other apk /data/app/~~6MhH9xAt6laTtxZ6ELWJ3A==/com.jianglicheng.timebank-WmjO7fftPXL2vQiYbu-k_w==/base.apk. target_sdk_version=36, uses_libraries=, library_path=/data/app/~~6MhH9xAt6laTtxZ6ELWJ3A==/com.jianglicheng.timebank-WmjO7fftPXL2vQiYbu-k_w==/lib/arm64, permitted_path=/data:/mnt/expand:/data/user/0/com.jianglicheng.timebank
2026-02-02 23:25:52.921 10726-10726 icheng.timebank         com.jianglicheng.timebank            I  AssetManager2(0xb400006e167011d8) locale list changing from [] to [zh-Hans-CN]
2026-02-02 23:25:52.915 10726-10726 icheng.timebank         com.jianglicheng.timebank            W  type=1400 audit(0.0:259934): avc:  denied  { read } for  name="u:object_r:userdebug_or_eng_prop:s0" dev="tmpfs" ino=677 scontext=u:r:untrusted_app:s0:c157,c257,c512,c768 tcontext=u:object_r:userdebug_or_eng_prop:s0 tclass=file permissive=0
2026-02-02 23:25:52.922 10726-10726 libc                    com.jianglicheng.timebank            W  Access denied finding property "ro.debuggable"
