2026-02-02 23:25:53.393 10726-10726 chromium                com.jianglicheng.timebank            I  [INFO:CONSOLE:9195] "[Auth] userObj keys: cache,oauthInstance,uid,email,name,gender,picture,email_verified,phone_number,birthdate,zoneinfo,locale,sub,created_from,providers,username,created_at", source: https://timebank.local/assets/www/index.html (9195)
2026-02-02 23:25:53.394 10726-10726 chromium                com.jianglicheng.timebank            I  [INFO:CONSOLE:9197] "[Auth] Extracted userId: 2011857504337661952", source: https://timebank.local/assets/www/index.html (9197)
2026-02-02 23:25:53.394 10726-10726 chromium                com.jianglicheng.timebank            I  [INFO:CONSOLE:9235] "[Auth] Final cachedLoginState: [object Object]", source: https://timebank.local/assets/www/index.html (9235)
2026-02-02 23:25:53.394 10726-10726 chromium                com.jianglicheng.timebank            I  [INFO:CONSOLE:9236] "[Auth] Final user uid: 2011857504337661952", source: https://timebank.local/assets/www/index.html (9236)
2026-02-02 23:25:53.394 10726-10726 chromium                com.jianglicheng.timebank            I  [INFO:CONSOLE:8906] "[CloudBase] Login state restored", source: https://timebank.local/assets/www/index.html (8906)
2026-02-02 23:25:53.429 10726-10726 chromium                com.jianglicheng.timebank            I  [INFO:CONSOLE:11576] "App v7.11.2 Starting (CloudBase)...", source: https://timebank.local/assets/www/index.html (11576)
2026-02-02 23:25:53.429 10726-10726 chromium                com.jianglicheng.timebank            I  [INFO:CONSOLE:9174] "[Auth] getLoginState (async) result: [object Object]", source: https://timebank.local/assets/www/index.html (9174)
2026-02-02 23:25:53.429 10726-10726 chromium                com.jianglicheng.timebank            I  [INFO:CONSOLE:9186] "[Auth] rawState: [object Object]", source: https://timebank.local/assets/www/index.html (9186)
2026-02-02 23:25:53.429 10726-10726 chromium                com.jianglicheng.timebank            I  [INFO:CONSOLE:9187] "[Auth] rawState?.user: [object Object]", source: https://timebank.local/assets/www/index.html (9187)
2026-02-02 23:25:53.429 10726-10726 chromium                com.jianglicheng.timebank            I  [INFO:CONSOLE:9195] "[Auth] userObj keys: cache,oauthInstance,uid,email,name,gender,picture,email_verified,phone_number,birthdate,zoneinfo,locale,sub,created_from,providers,username,created_at", source: https://timebank.local/assets/www/index.html (9195)
2026-02-02 23:25:53.429 10726-10726 chromium                com.jianglicheng.timebank            I  [INFO:CONSOLE:9197] "[Auth] Extracted userId: 2011857504337661952", source: https://timebank.local/assets/www/index.html (9197)
2026-02-02 23:25:53.429 10726-10726 chromium                com.jianglicheng.timebank            I  [INFO:CONSOLE:9235] "[Auth] Final cachedLoginState: [object Object]", source: https://timebank.local/assets/www/index.html (9235)
2026-02-02 23:25:53.429 10726-10726 chromium                com.jianglicheng.timebank            I  [INFO:CONSOLE:9236] "[Auth] Final user uid: 2011857504337661952", source: https://timebank.local/assets/www/index.html (9236)
2026-02-02 23:25:53.429 10726-10726 chromium                com.jianglicheng.timebank            I  [INFO:CONSOLE:11590] "[initApp]  1  UID: 2011857504337661952", source: https://timebank.local/assets/www/index.html (11590)
2026-02-02 23:25:53.429 10726-10726 chromium                com.jianglicheng.timebank            I  [INFO:CONSOLE:11598] "[initApp] : logged in", source: https://timebank.local/assets/www/index.html (11598)
2026-02-02 23:25:53.429 10726-10726 chromium                com.jianglicheng.timebank            I  [INFO:CONSOLE:11599] "[initApp]  UID: 2011857504337661952", source: https://timebank.local/assets/www/index.html (11599)
2026-02-02 23:25:53.433 10726-10726 chromium                com.jianglicheng.timebank            I  [INFO:CONSOLE:27126] "[initDeviceId] Android ID: bac856f5b5838d7a", source: https://timebank.local/assets/www/index.html (27126)
2026-02-02 23:25:53.433 10726-10726 chromium                com.jianglicheng.timebank            I  [INFO:CONSOLE:9723] "[getCurrentUid] cachedLoginState: [object Object]", source: https://timebank.local/assets/www/index.html (9723)
2026-02-02 23:25:53.433 10726-10726 chromium                com.jianglicheng.timebank            I  [INFO:CONSOLE:9426] "[DAL.init] Starting...", source: https://timebank.local/assets/www/index.html (9426)
2026-02-02 23:25:53.433 10726-10726 chromium                com.jianglicheng.timebank            I  [INFO:CONSOLE:9723] "[getCurrentUid] cachedLoginState: [object Object]", source: https://timebank.local/assets/www/index.html (9723)
2026-02-02 23:25:53.433 10726-10726 chromium                com.jianglicheng.timebank            I  [INFO:CONSOLE:9430] "[DAL.init] Current UID: 2011857504337661952", source: https://timebank.local/assets/www/index.html (9430)
2026-02-02 23:25:53.433 10726-10726 chromium                com.jianglicheng.timebank            I  [INFO:CONSOLE:9723] "[getCurrentUid] cachedLoginState: [object Object]", source: https://timebank.local/assets/www/index.html (9723)
2026-02-02 23:25:53.434 10726-10726 chromium                com.jianglicheng.timebank            I  [INFO:CONSOLE:9479] "[DAL.checkProfileExists] Current UID: 2011857504337661952", source: https://timebank.local/assets/www/index.html (9479)
2026-02-02 23:25:53.521 10726-10726 RtgSchedIpcFile         com.jianglicheng.timebank            D  setCommandByIoctl failed ret:-1, cmdid:22, errno:103
2026-02-02 23:25:53.522 10726-10726 RtgSchedIpcFile         com.jianglicheng.timebank            D  setCommandByIoctl failed ret:-1, cmdid:23, errno:103
2026-02-02 23:25:53.535 10726-10733 icheng.timebank         com.jianglicheng.timebank            W  Missing inline cache for void java.math.BigInteger.readObject(java.io.ObjectInputStream)
2026-02-02 23:25:53.552 10726-10733 icheng.timebank         com.jianglicheng.timebank            W  Missing inline cache for boolean java.net.Inet4Address.equals(java.lang.Object)
2026-02-02 23:25:53.588 10726-10733 icheng.timebank         com.jianglicheng.timebank            W  Missing inline cache for android.view.View android.view.LayoutInflater.createView(android.content.Context, java.lang.String, java.lang.String, android.util.AttributeSet)
2026-02-02 23:25:53.615 10726-10936 HwFramewor...rtsFactory com.jianglicheng.timebank            D  HwFrameworkSecurityPartsFactory in.
2026-02-02 23:25:53.615 10726-10936 HwFramewor...rtsFactory com.jianglicheng.timebank            I  add HwFrameworkSecurityPartsFactory to memory.
2026-02-02 23:25:53.619 10726-10733 icheng.timebank         com.jianglicheng.timebank            W  Missing inline cache for void com.android.internal.util.XmlUtils.writeValueXml(java.lang.Object, java.lang.String, com.android.modules.utils.TypedXmlSerializer, com.android.internal.util.XmlUtils$WriteMapCallback)
2026-02-02 23:25:53.623 10726-10733 icheng.timebank         com.jianglicheng.timebank            W  Missing inline cache for boolean android.text.TextUtils.equals(java.lang.CharSequence, java.lang.CharSequence)
2026-02-02 23:25:53.650 10726-10733 icheng.timebank         com.jianglicheng.timebank            W  Missing inline cache for void android.view.ViewRootImpl.<init>(android.content.Context, android.view.Display, android.view.IWindowSession, android.view.WindowLayout)
2026-02-02 23:25:53.666 10726-10726 chromium                com.jianglicheng.timebank            I  [INFO:CONSOLE:9491] "[DAL.checkProfileExists] Found 1 profiles", source: https://timebank.local/assets/www/index.html (9491)
2026-02-02 23:25:53.666 10726-10726 chromium                com.jianglicheng.timebank            I  [INFO:CONSOLE:9439] "[DAL.init] Profile exists: true", source: https://timebank.local/assets/www/index.html (9439)
2026-02-02 23:25:53.667 10726-10726 chromium                com.jianglicheng.timebank            I  [INFO:CONSOLE:10961] " [DAL] ...", source: https://timebank.local/assets/www/index.html (10961)
2026-02-02 23:25:53.667 10726-10726 chromium                com.jianglicheng.timebank            I  [INFO:CONSOLE:9723] "[getCurrentUid] cachedLoginState: [object Object]", source: https://timebank.local/assets/www/index.html (9723)
2026-02-02 23:25:53.667 10726-10726 chromium                com.jianglicheng.timebank            I  [INFO:CONSOLE:10966] " [DAL.loadAll]  UID: 2011857504337661952", source: https://timebank.local/assets/www/index.html (10966)
2026-02-02 23:25:53.667 10726-10726 chromium                com.jianglicheng.timebank            I  [INFO:CONSOLE:9884] "[DAL.loadProfile] Starting...", source: https://timebank.local/assets/www/index.html (9884)
2026-02-02 23:25:53.667 10726-10726 chromium                com.jianglicheng.timebank            I  [INFO:CONSOLE:9723] "[getCurrentUid] cachedLoginState: [object Object]", source: https://timebank.local/assets/www/index.html (9723)
2026-02-02 23:25:53.667 10726-10726 chromium                com.jianglicheng.timebank            I  [INFO:CONSOLE:9723] "[getCurrentUid] cachedLoginState: [object Object]", source: https://timebank.local/assets/www/index.html (9723)
2026-02-02 23:25:53.667 10726-10726 chromium                com.jianglicheng.timebank            I  [INFO:CONSOLE:9723] "[getCurrentUid] cachedLoginState: [object Object]", source: https://timebank.local/assets/www/index.html (9723)
2026-02-02 23:25:53.667 10726-10726 chromium                com.jianglicheng.timebank            I  [INFO:CONSOLE:9723] "[getCurrentUid] cachedLoginState: [object Object]", source: https://timebank.local/assets/www/index.html (9723)
2026-02-02 23:25:53.667 10726-10726 chromium                com.jianglicheng.timebank            I  [INFO:CONSOLE:9723] "[getCurrentUid] cachedLoginState: [object Object]", source: https://timebank.local/assets/www/index.html (9723)
2026-02-02 23:25:53.667 10726-10726 chromium                com.jianglicheng.timebank            I  [INFO:CONSOLE:9888] "[DAL.loadProfile] Current UID: 2011857504337661952", source: https://timebank.local/assets/www/index.html (9888)
2026-02-02 23:25:53.668 10726-10726 chromium                com.jianglicheng.timebank            I  [INFO:CONSOLE:9970] "[DAL.loadAllTasks] ...", source: https://timebank.local/assets/www/index.html (9970)
2026-02-02 23:25:53.668 10726-10726 chromium                com.jianglicheng.timebank            I  [INFO:CONSOLE:10162] "[DAL.loadAllTransactions]  UID: 2011857504337661952", source: https://timebank.local/assets/www/index.html (10162)
2026-02-02 23:25:53.714 10726-10726 chromium                com.jianglicheng.timebank            I  [INFO:CONSOLE:10460] "[DAL.loadRunningTasks] Found 0 running tasks", source: https://timebank.local/assets/www/index.html (10460)
2026-02-02 23:25:53.720 10726-10733 icheng.timebank         com.jianglicheng.timebank            I  Compiler allocated 7817KB to compile void android.view.ViewRootImpl.performTraversals()
2026-02-02 23:25:53.750 10726-10726 chromium                com.jianglicheng.timebank            I  [INFO:CONSOLE:9987] "[DAL.loadAllTasks] Page 1: got 43 tasks", source: https://timebank.local/assets/www/index.html (9987)
2026-02-02 23:25:53.750 10726-10726 chromium                com.jianglicheng.timebank            I  [INFO:CONSOLE:9998] "[DAL.loadAllTasks] Total: 43 tasks", source: https://timebank.local/assets/www/index.html (9998)
2026-02-02 23:25:53.751 10726-10726 chromium                com.jianglicheng.timebank            I  [INFO:CONSOLE:10007] "[DAL.loadAllTasks] : ["_id","_openid","category","data","enableFloatingTimer","habitDetails","isHabit","isSystem","lastUsed","multiplier","name","taskId","type","unit"]", source: https://timebank.local/assets/www/index.html (10007)
2026-02-02 23:25:53.751 10726-10726 chromium                com.jianglicheng.timebank            I  [INFO:CONSOLE:10008] "[DAL.loadAllTasks] doc._id = 14b1f5406980453b00954a0a46ee6919", source: https://timebank.local/assets/www/index.html (10008)
2026-02-02 23:25:53.751 10726-10726 chromium                com.jianglicheng.timebank            I  [INFO:CONSOLE:10009] "[DAL.loadAllTasks] doc.id = undefined", source: https://timebank.local/assets/www/index.html (10009)
2026-02-02 23:25:53.751 10726-10726 chromium                com.jianglicheng.timebank            I  [INFO:CONSOLE:10010] "[DAL.loadAllTasks] doc._openid = 2011857504337661952", source: https://timebank.local/assets/www/index.html (10010)
2026-02-02 23:25:53.751 10726-10726 chromium                com.jianglicheng.timebank            I  [INFO:CONSOLE:10042] "[DAL.loadAllTasks] : 84666b73-411b-443e-8017-049274f5cf9b -> 14b1f5406980453b00954a0a46ee6919", source: https://timebank.local/assets/www/index.html (10042)
2026-02-02 23:25:53.751 10726-10726 chromium                com.jianglicheng.timebank            I  [INFO:CONSOLE:10042] "[DAL.loadAllTasks] : 1764683717515 -> 14b1f5406980453b00954a0b5c2c591c", source: https://timebank.local/assets/www/index.html (10042)
2026-02-02 23:25:53.751 10726-10726 chromium                com.jianglicheng.timebank            I  [INFO:CONSOLE:10042] "[DAL.loadAllTasks] : 1762270749621 -> 25cb905f6980453b00946574290b2932", source: https://timebank.local/assets/www/index.html (10042)
2026-02-02 23:25:53.751 10726-10726 chromium                com.jianglicheng.timebank            I  [INFO:CONSOLE:10042] "[DAL.loadAllTasks] : 1762064221812 -> 25cb905f6980453b00946575269f9bd6", source: https://timebank.local/assets/www/index.html (10042)
2026-02-02 23:25:53.751 10726-10726 chromium                com.jianglicheng.timebank            I  [INFO:CONSOLE:10042] "[DAL.loadAllTasks] : 1761905915394 -> 2cf121076980453b00922466492c791b", source: https://timebank.local/assets/www/index.html (10042)
2026-02-02 23:25:53.751 10726-10726 chromium                com.jianglicheng.timebank            I  [INFO:CONSOLE:10042] "[DAL.loadAllTasks] : 24994559-89d2-4bcc-a9d7-7e93d03c3621 -> 2f6f1f4b6980453b009657ad0da66909", source: https://timebank.local/assets/www/index.html (10042)
2026-02-02 23:25:53.751 10726-10726 chromium                com.jianglicheng.timebank            I  [INFO:CONSOLE:10042] "[DAL.loadAllTasks] : 1761959346357 -> 2f6f1f4b6980453b009657ae56457528", source: https://timebank.local/assets/www/index.html (10042)
2026-02-02 23:25:53.751 10726-10726 chromium                com.jianglicheng.timebank            I  [INFO:CONSOLE:10042] "[DAL.loadAllTasks] : c0ff5e04-c412-46c4-9a3a-badc212ae50e -> 36e9b7bb6980453b00953e2929f4fe89", source: https://timebank.local/assets/www/index.html (10042)
2026-02-02 23:25:53.751 10726-10726 chromium                com.jianglicheng.timebank            I  [INFO:CONSOLE:10042] "[DAL.loadAllTasks] : 1763201614235 -> 36e9b7bb6980453b00953e2a651d379f", source: https://timebank.local/assets/www/index.html (10042)
2026-02-02 23:25:53.751 10726-10726 chromium                com.jianglicheng.timebank            I  [INFO:CONSOLE:10042] "[DAL.loadAllTasks] : 1762859856860 -> 36e9b7bb6980453b00953e2b4429eb3e", source: https://timebank.local/assets/www/index.html (10042)
2026-02-02 23:25:53.751 10726-10726 chromium                com.jianglicheng.timebank            I  [INFO:CONSOLE:10042] "[DAL.loadAllTasks] : 1763117273532 -> 57b333706980453b009137e51412e752", source: https://timebank.local/assets/www/index.html (10042)
2026-02-02 23:25:53.751 10726-10726 chromium                com.jianglicheng.timebank            I  [INFO:CONSOLE:10042] "[DAL.loadAllTasks] : 1763695097563 -> 57b333706980453b009137e676d44931", source: https://timebank.local/assets/www/index.html (10042)
2026-02-02 23:25:53.751 10726-10726 chromium                com.jianglicheng.timebank            I  [INFO:CONSOLE:10042] "[DAL.loadAllTasks] : 1761905770162 -> 5f3bcef36980453b0092baea5dae940b", source: https://timebank.local/assets/www/index.html (10042)
2026-02-02 23:25:53.751 10726-10726 chromium                com.jianglicheng.timebank            I  [INFO:CONSOLE:10042] "[DAL.loadAllTasks] : 1766071606919 -> 5f3bcef36980453b0092baeb1ac4bfa2", source: https://timebank.local/assets/www/index.html (10042)
2026-02-02 23:25:53.751 10726-10726 chromium                com.jianglicheng.timebank            I  [INFO:CONSOLE:10042] "[DAL.loadAllTasks] : 1762004631340 -> 61882c926980453b009bf8cc64df1dd6", source: https://timebank.local/assets/www/index.html (10042)
2026-02-02 23:25:53.751 10726-10726 chromium                com.jianglicheng.timebank            I  [INFO:CONSOLE:10042] "[DAL.loadAllTasks] : 62c3b1fb-31ff-4eb3-897e-4094d169ef8c -> 6659ad076980453b0095ea5579c23bfb", source: https://timebank.local/assets/www/index.html (10042)
2026-02-02 23:25:53.751 10726-10726 chromium                com.jianglicheng.timebank            I  [INFO:CONSOLE:10042] "[DAL.loadAllTasks] : 1762094642990 -> 7916cf0e6980453b0096b19e13cd62a9", source: https://timebank.local/assets/www/index.html (10042)
2026-02-02 23:25:53.751 10726-10726 chromium                com.jianglicheng.timebank            I  [INFO:CONSOLE:10042] "[DAL.loadAllTasks] : 1761976457278 -> 7916cf0e6980453b0096b1a0631596ef", source: https://timebank.local/assets/www/index.html (10042)
2026-02-02 23:25:53.751 10726-10726 chromium                com.jianglicheng.timebank            I  [INFO:CONSOLE:10042] "[DAL.loadAllTasks] : 1761992222761 -> 7916cf0e6980453b0096b1a1677959bc", source: https://timebank.local/assets/www/index.html (10042)
2026-02-02 23:25:53.751 10726-10726 chromium                com.jianglicheng.timebank            I  [INFO:CONSOLE:10042] "[DAL.loadAllTasks] : c5a84593-2c5c-4c62-8def-58a593d57859 -> 7916cf0e6980453b0096b1a34e9f7505", source: https://timebank.local/assets/www/index.html (10042)
2026-02-02 23:25:53.751 10726-10726 chromium                com.jianglicheng.timebank            I  [INFO:CONSOLE:10042] "[DAL.loadAllTasks] : 1762240792853 -> 8a59a50e6980453b009580ae5cc779c8", source: https://timebank.local/assets/www/index.html (10042)
2026-02-02 23:25:53.751 10726-10726 chromium                com.jianglicheng.timebank            I  [INFO:CONSOLE:10042] "[DAL.loadAllTasks] : 1761907261486 -> 8a59a50e6980453b009580af268d4809", source: https://timebank.local/assets/www/index.html (10042)
2026-02-02 23:25:53.751 10726-10726 chromium                com.jianglicheng.timebank            I  [INFO:CONSOLE:10042] "[DAL.loadAllTasks] : 1761905981691 -> 8a59a50e6980453b009580b01565da93", source: https://timebank.local/assets/www/index.html (10042)
2026-02-02 23:25:53.751 10726-10726 chromium                com.jianglicheng.timebank            I  [INFO:CONSOLE:10042] "[DAL.loadAllTasks] : 8100507e-11b4-4b81-9ed1-9b62f9fe52ed -> a50166006980453b008fa97a2480d6e3", source: https://timebank.local/assets/www/index.html (10042)
2026-02-02 23:25:53.751 10726-10726 chromium                com.jianglicheng.timebank            I  [INFO:CONSOLE:10042] "[DAL.loadAllTasks] : 1764228252804 -> a50166006980453b008fa97b0f6be6aa", source: https://timebank.local/assets/www/index.html (10042)
2026-02-02 23:25:53.751 10726-10726 chromium                com.jianglicheng.timebank            I  [INFO:CONSOLE:10042] "[DAL.loadAllTasks] : 1761907231551 -> a50166006980453b008fa97c559573ec", source: https://timebank.local/assets/www/index.html (10042)
2026-02-02 23:25:53.751 10726-10726 chromium                com.jianglicheng.timebank            I  [INFO:CONSOLE:10042] "[DAL.loadAllTasks] : 1764145246571 -> a50166006980453b008fa97e4857a46f", source: https://timebank.local/assets/www/index.html (10042)
2026-02-02 23:25:53.751 10726-10726 chromium                com.jianglicheng.timebank            I  [INFO:CONSOLE:10042] "[DAL.loadAllTasks] : 1761910469021 -> aca45c226980453b00967fd97e72643f", source: https://timebank.local/assets/www/index.html (10042)
2026-02-02 23:25:53.751 10726-10726 chromium                com.jianglicheng.timebank            I  [INFO:CONSOLE:10042] "[DAL.loadAllTasks] : 1761910233898 -> aca45c226980453b00967fda11c59519", source: https://timebank.local/assets/www/index.html (10042)
2026-02-02 23:25:53.751 10726-10726 chromium                com.jianglicheng.timebank            I  [INFO:CONSOLE:10042] "[DAL.loadAllTasks] : 1762860249523 -> b387ab556980453b008fae052f5ab527", source: https://timebank.local/assets/www/index.html (10042)
2026-02-02 23:25:53.751 10726-10726 chromium                com.jianglicheng.timebank            I  [INFO:CONSOLE:10042] "[DAL.loadAllTasks] : 368482d3-d89b-4815-b673-b6a301459478 -> b387ab556980453b008fae0627124dcc", source: https://timebank.local/assets/www/index.html (10042)
2026-02-02 23:25:53.751 10726-10726 chromium                com.jianglicheng.timebank            I  [INFO:CONSOLE:10042] "[DAL.loadAllTasks] : 1762855642476 -> b387ab556980453b008fae0743c289a1", source: https://timebank.local/assets/www/index.html (10042)
2026-02-02 23:25:53.751 10726-10726 chromium                com.jianglicheng.timebank            I  [INFO:CONSOLE:10042] "[DAL.loadAllTasks] : 1761905886241 -> b387ab556980453b008fae0874d15df7", source: https://timebank.local/assets/www/index.html (10042)
2026-02-02 23:25:53.751 10726-10726 chromium                com.jianglicheng.timebank            I  [INFO:CONSOLE:10042] "[DAL.loadAllTasks] : 1762061092905 -> b387ab556980453b008fae0910777810", source: https://timebank.local/assets/www/index.html (10042)
2026-02-02 23:25:53.751 10726-10726 chromium                com.jianglicheng.timebank            I  [INFO:CONSOLE:10042] "[DAL.loadAllTasks] : 1761907175256 -> b49e5b7a6980453b0096e31511fa3cf6", source: https://timebank.local/assets/www/index.html (10042)
2026-02-02 23:25:53.751 10726-10726 chromium                com.jianglicheng.timebank            I  [INFO:CONSOLE:10042] "[DAL.loadAllTasks] : 1762064261306 -> b49e5b7a6980453b0096e316573ea02b", source: https://timebank.local/assets/www/index.html (10042)
2026-02-02 23:25:53.751 10726-10726 chromium                com.jianglicheng.timebank            I  [INFO:CONSOLE:10042] "[DAL.loadAllTasks] : 1761964606291 -> d12f925c6980453b0094389a6ae6b7ec", source: https://timebank.local/assets/www/index.html (10042)
2026-02-02 23:25:53.751 10726-10726 chromium                com.jianglicheng.timebank            I  [INFO:CONSOLE:10042] "[DAL.loadAllTasks] : 1761906043646 -> d59516266980453b0094f45015e8e30c", source: https://timebank.local/assets/www/index.html (10042)
2026-02-02 23:25:53.751 10726-10726 chromium                com.jianglicheng.timebank            I  [INFO:CONSOLE:10042] "[DAL.loadAllTasks] : 4b5d3cbe-c3f2-4bce-8c4e-eb3fc597bfe9 -> d59516266980453b0094f45161dd4abf", source: https://timebank.local/assets/www/index.html (10042)
2026-02-02 23:25:53.751 10726-10726 chromium                com.jianglicheng.timebank            I  [INFO:CONSOLE:10042] "[DAL.loadAllTasks] : ca71d0d5-6e3a-464c-8b2f-89543069e0de -> ee4af1046980453b0094ea724dd38d27", source: https://timebank.local/assets/www/index.html (10042)
2026-02-02 23:25:53.751 10726-10726 chromium                com.jianglicheng.timebank            I  [INFO:CONSOLE:10042] "[DAL.loadAllTasks] : 1764642694096 -> ee4af1046980453b0094ea73060f4514", source: https://timebank.local/assets/www/index.html (10042)
2026-02-02 23:25:53.751 10726-10726 chromium                com.jianglicheng.timebank            I  [INFO:CONSOLE:10042] "[DAL.loadAllTasks] : 1762004689045 -> fa1010a26980453b0095d46a257c037e", source: https://timebank.local/assets/www/index.html (10042)
2026-02-02 23:25:53.751 10726-10726 chromium                com.jianglicheng.timebank            I  [INFO:CONSOLE:10042] "[DAL.loadAllTasks] : 1761910250263 -> fa1010a26980453b0095d46b101f065d", source: https://timebank.local/assets/www/index.html (10042)
2026-02-02 23:25:53.752 10726-10726 chromium                com.jianglicheng.timebank            I  [INFO:CONSOLE:9901] "[DAL.loadProfile] Query result: 1 docs", source: https://timebank.local/assets/www/index.html (9901)
2026-02-02 23:25:53.752 10726-10726 chromium                com.jianglicheng.timebank            I  [INFO:CONSOLE:9907] "[DAL.loadProfile] Found profile, ID: 2f6f1f4b6980453b009657a96d9d9788", source: https://timebank.local/assets/www/index.html (9907)
2026-02-02 23:25:53.752 10726-10726 chromium                com.jianglicheng.timebank            I  [INFO:CONSOLE:10583] "[DAL.loadDailyChanges] Page 1: got 94 records", source: https://timebank.local/assets/www/index.html (10583)
2026-02-02 23:25:53.752 10726-10726 chromium                com.jianglicheng.timebank            I  [INFO:CONSOLE:10594] "[DAL.loadDailyChanges] Total: 94 daily records", source: https://timebank.local/assets/www/index.html (10594)
2026-02-02 23:25:53.753 10726-10726 chromium                com.jianglicheng.timebank            I  [INFO:CONSOLE:10602] "[DAL.loadDailyChanges] : ["_id","_openid","date","earned","spent"]", source: https://timebank.local/assets/www/index.html (10602)
2026-02-02 23:25:53.753 10726-10726 chromium                com.jianglicheng.timebank            I  [INFO:CONSOLE:10603] "[DAL.loadDailyChanges] doc._id = 48e0ec2569804543008e952c5427fe28 , doc.id = undefined", source: https://timebank.local/assets/www/index.html (10603)
2026-02-02 23:25:53.837 10726-10733 icheng.timebank         com.jianglicheng.timebank            W  Missing inline cache for boolean android.view.AccessibilityInteractionController.holdOffMessageIfNeeded(android.os.Message, int, long)
2026-02-02 23:25:53.849 10726-10733 icheng.timebank         com.jianglicheng.timebank            W  Missing inline cache for void android.media.MediaCodecInfo$AudioCapabilities.limitSampleRates(android.util.Range[])
2026-02-02 23:25:53.849 10726-10733 icheng.timebank         com.jianglicheng.timebank            W  Missing inline cache for void android.media.MediaCodecInfo$AudioCapabilities.getDefaultFormat(android.media.MediaFormat)
2026-02-02 23:25:53.852 10726-10733 icheng.timebank         com.jianglicheng.timebank            W  Missing inline cache for void android.media.MediaCodecInfo$EncoderCapabilities.getDefaultFormat(android.media.MediaFormat)
2026-02-02 23:25:53.852 10726-10733 icheng.timebank         com.jianglicheng.timebank            W  Missing inline cache for void android.media.MediaCodecInfo$EncoderCapabilities.getDefaultFormat(android.media.MediaFormat)
2026-02-02 23:25:53.905 10726-10733 icheng.timebank         com.jianglicheng.timebank            W  Missing inline cache for java.lang.String android.icu.text.Normalizer2.normalize(java.lang.CharSequence)
2026-02-02 23:25:53.905 10726-10733 icheng.timebank         com.jianglicheng.timebank            W  Missing inline cache for java.lang.String android.icu.text.Normalizer2.normalize(java.lang.CharSequence)
2026-02-02 23:25:53.905 10726-10733 icheng.timebank         com.jianglicheng.timebank            W  Missing inline cache for java.lang.String android.icu.text.Normalizer2.normalize(java.lang.CharSequence)
2026-02-02 23:25:53.905 10726-10733 icheng.timebank         com.jianglicheng.timebank            W  Missing inline cache for java.lang.String android.icu.text.Normalizer2.normalize(java.lang.CharSequence)
2026-02-02 23:25:53.920 10726-10726 chromium                com.jianglicheng.timebank            I  [INFO:CONSOLE:10212] "[DAL.loadAllTransactions] Page 1: 1000 docs, total: 1000", source: https://timebank.local/assets/www/index.html (10212)
2026-02-02 23:25:54.064 10726-10726 chromium                com.jianglicheng.timebank            I  [INFO:CONSOLE:10212] "[DAL.loadAllTransactions] Page 2: 527 docs, total: 1527", source: https://timebank.local/assets/www/index.html (10212)
2026-02-02 23:25:54.064 10726-10726 chromium                com.jianglicheng.timebank            I  [INFO:CONSOLE:10217] "[DAL.loadAllTransactions] Total loaded: 1527 transactions", source: https://timebank.local/assets/www/index.html (10217)
2026-02-02 23:25:54.068 10726-10726 chromium                com.jianglicheng.timebank            I  [INFO:CONSOLE:10977] " [DAL.loadAll] : [object Object]", source: https://timebank.local/assets/www/index.html (10977)
2026-02-02 23:25:54.069 10726-10726 chromium                com.jianglicheng.timebank            I  [INFO:CONSOLE:11033] " [DAL.loadAll] :", source: https://timebank.local/assets/www/index.html (11033)
2026-02-02 23:25:54.069 10726-10726 chromium                com.jianglicheng.timebank            I  [INFO:CONSOLE:11034] "   - : 0 (0)", source: https://timebank.local/assets/www/index.html (11034)
2026-02-02 23:25:54.069 10726-10726 chromium                com.jianglicheng.timebank            I  [INFO:CONSOLE:11035] "   - : -104090 (-1735)", source: https://timebank.local/assets/www/index.html (11035)
2026-02-02 23:25:54.069 10726-10726 chromium                com.jianglicheng.timebank            I  [INFO:CONSOLE:11036] "   - : -104090 (-1735)", source: https://timebank.local/assets/www/index.html (11036)
2026-02-02 23:25:54.069 10726-10726 chromium                com.jianglicheng.timebank            I  [INFO:CONSOLE:11037] "   - : -104090 (-1735)", source: https://timebank.local/assets/www/index.html (11037)
2026-02-02 23:25:54.069 10726-10726 chromium                com.jianglicheng.timebank            I  [INFO:CONSOLE:28313] "[loadBalanceModeFromCloud] : {"enabled":true,"enabledAt":"2026-02-02T07:44:41.068Z"}", source: https://timebank.local/assets/www/index.html (28313)
2026-02-02 23:25:54.069 10726-10726 chromium                com.jianglicheng.timebank            I  [INFO:CONSOLE:11181] " [DAL.loadAll] ", source: https://timebank.local/assets/www/index.html (11181)
2026-02-02 23:25:54.069 10726-10726 chromium                com.jianglicheng.timebank            I  [INFO:CONSOLE:11187] " [DAL] : 43, 1527, 0", source: https://timebank.local/assets/www/index.html (11187)
2026-02-02 23:25:54.070 10726-10726 chromium                com.jianglicheng.timebank            I  [INFO:CONSOLE:9723] "[getCurrentUid] cachedLoginState: [object Object]", source: https://timebank.local/assets/www/index.html (9723)
2026-02-02 23:25:54.070 10726-10726 chromium                com.jianglicheng.timebank            I  [INFO:CONSOLE:10707] "[DAL.subscribeAll] , UID: 2011857504337661952", source: https://timebank.local/assets/www/index.html (10707)
2026-02-02 23:25:54.072 10726-10726 chromium                com.jianglicheng.timebank            I  [INFO:CONSOLE:10942] " [DAL] ", source: https://timebank.local/assets/www/index.html (10942)
2026-02-02 23:25:54.100 10726-10726 chromium                com.jianglicheng.timebank            I  [INFO:CONSOLE:24407] "[Widget] Updating widgets: balance=-104090, limit=120", source: https://timebank.local/assets/www/index.html (24407)
2026-02-02 23:25:54.100 10726-10886 TimeBank                com.jianglicheng.timebank            D  updateWidgets called: balance=-104090, limit=120
2026-02-02 23:25:54.105 10726-10886 HwCust                  com.jianglicheng.timebank            W  CUST VERSION = false, use class = class android.appwidget.HwCustAppWidgetManagerImpl
2026-02-02 23:25:54.106 10726-10886 TimeBank                com.jianglicheng.timebank            D  Widgets updated: balance=0, classic=0, glass=0
2026-02-02 23:25:54.109 10726-10886 Applicatio...ageManager com.jianglicheng.timebank            I  checkGetInstalledAppsPermissionStatus,packageName:com.jianglicheng.timebank,ret:-2
2026-02-02 23:25:54.128 10726-10886 icheng.timebank         com.jianglicheng.timebank            I  AssetManager2(0xb400006e167140f8) locale list changing from [] to [zh-Hans-CN]
2026-02-02 23:25:54.131 10726-10886 icheng.timebank         com.jianglicheng.timebank            I  AssetManager2(0xb400006e16706f98) locale list changing from [] to [zh-Hans-CN]
2026-02-02 23:25:54.133 10726-10886 icheng.timebank         com.jianglicheng.timebank            I  AssetManager2(0xb400006e1672f678) locale list changing from [] to [zh-Hans-CN]
2026-02-02 23:25:54.134 10726-10886 icheng.timebank         com.jianglicheng.timebank            I  AssetManager2(0xb400006e16732558) locale list changing from [] to [zh-Hans-CN]
2026-02-02 23:25:54.138 10726-10886 icheng.timebank         com.jianglicheng.timebank            I  AssetManager2(0xb400006e1672be38) locale list changing from [] to [zh-Hans-CN]
2026-02-02 23:25:54.140 10726-10886 icheng.timebank         com.jianglicheng.timebank            I  AssetManager2(0xb400006e1672c478) locale list changing from [] to [zh-Hans-CN]
2026-02-02 23:25:54.142 10726-10886 icheng.timebank         com.jianglicheng.timebank            I  AssetManager2(0xb400006e16730f78) locale list changing from [] to [zh-Hans-CN]
2026-02-02 23:25:54.143 10726-10886 icheng.timebank         com.jianglicheng.timebank            I  AssetManager2(0xb400006e1672c158) locale list changing from [] to [zh-Hans-CN]
2026-02-02 23:25:54.145 10726-10886 icheng.timebank         com.jianglicheng.timebank            I  AssetManager2(0xb400006e1672f358) locale list changing from [] to [zh-Hans-CN]
2026-02-02 23:25:54.148 10726-10886 icheng.timebank         com.jianglicheng.timebank            I  AssetManager2(0xb400006e1672cab8) locale list changing from [] to [zh-Hans-CN]
2026-02-02 23:25:54.150 10726-10886 icheng.timebank         com.jianglicheng.timebank            I  AssetManager2(0xb400006e1672f998) locale list changing from [] to [zh-Hans-CN]
2026-02-02 23:25:54.153 10726-10886 icheng.timebank         com.jianglicheng.timebank            I  AssetManager2(0xb400006e16730618) locale list changing from [] to [zh-Hans-CN]
2026-02-02 23:25:54.155 10726-10886 icheng.timebank         com.jianglicheng.timebank            I  AssetManager2(0xb400006e16738638) locale list changing from [] to [zh-Hans-CN]
2026-02-02 23:25:54.157 10726-10886 icheng.timebank         com.jianglicheng.timebank            I  AssetManager2(0xb400006e16734ad8) locale list changing from [] to [zh-Hans-CN]
2026-02-02 23:25:54.160 10726-10886 icheng.timebank         com.jianglicheng.timebank            I  AssetManager2(0xb400006e16737698) locale list changing from [] to [zh-Hans-CN]
2026-02-02 23:25:54.163 10726-10886 icheng.timebank         com.jianglicheng.timebank            I  AssetManager2(0xb400006e16735438) locale list changing from [] to [zh-Hans-CN]
2026-02-02 23:25:54.164 10726-10886 icheng.timebank         com.jianglicheng.timebank            I  AssetManager2(0xb400006e167366f8) locale list changing from [] to [zh-Hans-CN]
2026-02-02 23:25:54.165 10726-10886 icheng.timebank         com.jianglicheng.timebank            I  AssetManager2(0xb400006e16738318) locale list changing from [] to [zh-Hans-CN]
2026-02-02 23:25:54.167 10726-10886 icheng.timebank         com.jianglicheng.timebank            I  AssetManager2(0xb400006e1673a898) locale list changing from [] to [zh-Hans-CN]
2026-02-02 23:25:54.170 10726-10886 icheng.timebank         com.jianglicheng.timebank            I  AssetManager2(0xb400006e1673abb8) locale list changing from [] to [zh-Hans-CN]
2026-02-02 23:25:54.171 10726-10886 icheng.timebank         com.jianglicheng.timebank            I  AssetManager2(0xb400006e167379b8) locale list changing from [] to [zh-Hans-CN]
2026-02-02 23:25:54.173 10726-10886 icheng.timebank         com.jianglicheng.timebank            I  AssetManager2(0xb400006e16736d38) locale list changing from [] to [zh-Hans-CN]
2026-02-02 23:25:54.176 10726-10886 icheng.timebank         com.jianglicheng.timebank            I  AssetManager2(0xb400006e16737058) locale list changing from [] to [zh-Hans-CN]
2026-02-02 23:25:54.177 10726-10886 icheng.timebank         com.jianglicheng.timebank            I  AssetManager2(0xb400006e1673aed8) locale list changing from [] to [zh-Hans-CN]
2026-02-02 23:25:54.178 10726-10886 icheng.timebank         com.jianglicheng.timebank            I  AssetManager2(0xb400006e1673a578) locale list changing from [] to [zh-Hans-CN]
2026-02-02 23:25:54.179 10726-10886 icheng.timebank         com.jianglicheng.timebank            I  AssetManager2(0xb400006e16734498) locale list changing from [] to [zh-Hans-CN]
2026-02-02 23:25:54.181 10726-10886 icheng.timebank         com.jianglicheng.timebank            I  AssetManager2(0xb400006e167398f8) locale list changing from [] to [zh-Hans-CN]
2026-02-02 23:25:54.183 10726-10886 icheng.timebank         com.jianglicheng.timebank            I  AssetManager2(0xb400006e16736a18) locale list changing from [] to [zh-Hans-CN]
2026-02-02 23:25:54.185 10726-10886 icheng.timebank         com.jianglicheng.timebank            I  AssetManager2(0xb400006e1673ed58) locale list changing from [] to [zh-Hans-CN]
2026-02-02 23:25:54.186 10726-10886 icheng.timebank         com.jianglicheng.timebank            I  AssetManager2(0xb400006e1673bb58) locale list changing from [] to [zh-Hans-CN]
2026-02-02 23:25:54.187 10726-10886 icheng.timebank         com.jianglicheng.timebank            I  AssetManager2(0xb400006e1673d458) locale list changing from [] to [zh-Hans-CN]
2026-02-02 23:25:54.189 10726-10886 icheng.timebank         com.jianglicheng.timebank            I  AssetManager2(0xb400006e1673e718) locale list changing from [] to [zh-Hans-CN]
2026-02-02 23:25:54.191 10726-10886 icheng.timebank         com.jianglicheng.timebank            I  AssetManager2(0xb400006e167428b8) locale list changing from [] to [zh-Hans-CN]
2026-02-02 23:25:54.192 10726-10886 icheng.timebank         com.jianglicheng.timebank            I  AssetManager2(0xb400006e1673da98) locale list changing from [] to [zh-Hans-CN]
2026-02-02 23:25:54.193 10726-10886 icheng.timebank         com.jianglicheng.timebank            I  AssetManager2(0xb400006e16742278) locale list changing from [] to [zh-Hans-CN]
2026-02-02 23:25:54.195 10726-10886 icheng.timebank         com.jianglicheng.timebank            I  AssetManager2(0xb400006e1673ce18) locale list changing from [] to [zh-Hans-CN]
2026-02-02 23:25:54.197 10726-10886 icheng.timebank         com.jianglicheng.timebank            I  AssetManager2(0xb400006e1673ea38) locale list changing from [] to [zh-Hans-CN]
2026-02-02 23:25:54.199 10726-10886 icheng.timebank         com.jianglicheng.timebank            I  AssetManager2(0xb400006e16743218) locale list changing from [] to [zh-Hans-CN]
2026-02-02 23:25:54.201 10726-10886 icheng.timebank         com.jianglicheng.timebank            I  AssetManager2(0xb400006e1673f9d8) locale list changing from [] to [zh-Hans-CN]
2026-02-02 23:25:54.203 10726-10886 icheng.timebank         com.jianglicheng.timebank            I  AssetManager2(0xb400006e1673c198) locale list changing from [] to [zh-Hans-CN]
2026-02-02 23:25:54.205 10726-10886 icheng.timebank         com.jianglicheng.timebank            I  AssetManager2(0xb400006e167447f8) locale list changing from [] to [zh-Hans-CN]
2026-02-02 23:25:54.207 10726-10886 icheng.timebank         com.jianglicheng.timebank            I  AssetManager2(0xb400006e1674abf8) locale list changing from [] to [zh-Hans-CN]
2026-02-02 23:25:54.203 10726-10726 JavaBridge              com.jianglicheng.timebank            W  type=1400 audit(0.0:259957): avc:  denied  { read } for  name="u:object_r:incremental_prop:s0" dev="tmpfs" ino=475 scontext=u:r:untrusted_app:s0:c157,c257,c512,c768 tcontext=u:object_r:incremental_prop:s0 tclass=file permissive=0
2026-02-02 23:25:54.209 10726-10886 incfs                   com.jianglicheng.timebank            I  Initial API level of the device: 34
2026-02-02 23:25:54.209 10726-10886 libc                    com.jianglicheng.timebank            W  Access denied finding property "ro.incremental.enable"
2026-02-02 23:25:54.209 10726-10886 incfs                   com.jianglicheng.timebank            I  ro.incremental.enable: on
2026-02-02 23:25:54.209 10726-10886 incfs                   com.jianglicheng.timebank            I  IncFs_Features: v2
2026-02-02 23:25:54.203 10726-10726 JavaBridge              com.jianglicheng.timebank            W  type=1400 audit(0.0:259958): avc:  denied  { read } for  name="filesystems" dev="proc" ino=4026532068 scontext=u:r:untrusted_app:s0:c157,c257,c512,c768 tcontext=u:object_r:proc_filesystems:s0 tclass=file permissive=0
2026-02-02 23:25:54.210 10726-10886 incfs-mounts            com.jianglicheng.timebank            I  [incfs] Loaded incremental-fs mount info: 1 instances, 2 mount points
2026-02-02 23:25:54.210 10726-10886 icheng.timebank         com.jianglicheng.timebank            I  AssetManager2(0xb400006e1674a5b8) locale list changing from [] to [zh-Hans-CN]
2026-02-02 23:25:54.213 10726-10886 icheng.timebank         com.jianglicheng.timebank            I  AssetManager2(0xb400006e16746418) locale list changing from [] to [zh-Hans-CN]
2026-02-02 23:25:54.214 10726-10886 icheng.timebank         com.jianglicheng.timebank            I  AssetManager2(0xb400006e16746738) locale list changing from [] to [zh-Hans-CN]
2026-02-02 23:25:54.217 10726-10886 icheng.timebank         com.jianglicheng.timebank            I  AssetManager2(0xb400006e16746a58) locale list changing from [] to [zh-Hans-CN]
2026-02-02 23:25:54.218 10726-10886 icheng.timebank         com.jianglicheng.timebank            I  AssetManager2(0xb400006e16745478) locale list changing from [] to [zh-Hans-CN]
2026-02-02 23:25:54.219 10726-10886 icheng.timebank         com.jianglicheng.timebank            I  AssetManager2(0xb400006e16745ab8) locale list changing from [] to [zh-Hans-CN]
2026-02-02 23:25:54.222 10726-10886 icheng.timebank         com.jianglicheng.timebank            I  AssetManager2(0xb400006e167460f8) locale list changing from [] to [zh-Hans-CN]
2026-02-02 23:25:54.223 10726-10886 icheng.timebank         com.jianglicheng.timebank            I  AssetManager2(0xb400006e16748cb8) locale list changing from [] to [zh-Hans-CN]
2026-02-02 23:25:54.224 10726-10886 icheng.timebank         com.jianglicheng.timebank            I  AssetManager2(0xb400006e16744b18) locale list changing from [] to [zh-Hans-CN]
2026-02-02 23:25:54.226 10726-10886 icheng.timebank         com.jianglicheng.timebank            I  AssetManager2(0xb400006e16750cd8) locale list changing from [] to [zh-Hans-CN]
2026-02-02 23:25:54.228 10726-10886 icheng.timebank         com.jianglicheng.timebank            I  AssetManager2(0xb400006e16750ff8) locale list changing from [] to [zh-Hans-CN]
2026-02-02 23:25:54.229 10726-10886 icheng.timebank         com.jianglicheng.timebank            I  AssetManager2(0xb400006e1674f6f8) locale list changing from [] to [zh-Hans-CN]
2026-02-02 23:25:54.231 10726-10886 icheng.timebank         com.jianglicheng.timebank            I  AssetManager2(0xb400006e1674b878) locale list changing from [] to [zh-Hans-CN]
2026-02-02 23:25:54.233 10726-10886 icheng.timebank         com.jianglicheng.timebank            I  AssetManager2(0xb400006e16750698) locale list changing from [] to [zh-Hans-CN]
2026-02-02 23:25:54.234 10726-10886 icheng.timebank         com.jianglicheng.timebank            I  AssetManager2(0xb400006e167522b8) locale list changing from [] to [zh-Hans-CN]
2026-02-02 23:25:54.237 10726-10886 icheng.timebank         com.jianglicheng.timebank            I  AssetManager2(0xb400006e167509b8) locale list changing from [] to [zh-Hans-CN]
2026-02-02 23:25:54.238 10726-10886 icheng.timebank         com.jianglicheng.timebank            I  AssetManager2(0xb400006e16752c18) locale list changing from [] to [zh-Hans-CN]
2026-02-02 23:25:54.240 10726-10886 icheng.timebank         com.jianglicheng.timebank            I  AssetManager2(0xb400006e1674c4f8) locale list changing from [] to [zh-Hans-CN]
2026-02-02 23:25:54.242 10726-10886 icheng.timebank         com.jianglicheng.timebank            I  AssetManager2(0xb400006e16750058) locale list changing from [] to [zh-Hans-CN]
2026-02-02 23:25:54.245 10726-10886 icheng.timebank         com.jianglicheng.timebank            I  AssetManager2(0xb400006e1674f0b8) locale list changing from [] to [zh-Hans-CN]
2026-02-02 23:25:54.247 10726-10886 icheng.timebank         com.jianglicheng.timebank            I  AssetManager2(0xb400006e1674d178) locale list changing from [] to [zh-Hans-CN]
2026-02-02 23:25:54.248 10726-10886 icheng.timebank         com.jianglicheng.timebank            I  AssetManager2(0xb400006e1674dad8) locale list changing from [] to [zh-Hans-CN]
2026-02-02 23:25:54.251 10726-10886 icheng.timebank         com.jianglicheng.timebank            I  AssetManager2(0xb400006e1674e438) locale list changing from [] to [zh-Hans-CN]
2026-02-02 23:25:54.254 10726-10886 icheng.timebank         com.jianglicheng.timebank            I  AssetManager2(0xb400006e167528f8) locale list changing from [] to [zh-Hans-CN]
2026-02-02 23:25:54.257 10726-10886 icheng.timebank         com.jianglicheng.timebank            I  AssetManager2(0xb400006e16759fb8) locale list changing from [] to [zh-Hans-CN]
2026-02-02 23:25:54.258 10726-10886 icheng.timebank         com.jianglicheng.timebank            I  AssetManager2(0xb400006e16756a98) locale list changing from [] to [zh-Hans-CN]
2026-02-02 23:25:54.260 10726-10886 icheng.timebank         com.jianglicheng.timebank            I  AssetManager2(0xb400006e16756458) locale list changing from [] to [zh-Hans-CN]
2026-02-02 23:25:54.262 10726-10886 icheng.timebank         com.jianglicheng.timebank            I  AssetManager2(0xb400006e16757a38) locale list changing from [] to [zh-Hans-CN]
2026-02-02 23:25:54.263 10726-10886 icheng.timebank         com.jianglicheng.timebank            I  AssetManager2(0xb400006e167586b8) locale list changing from [] to [zh-Hans-CN]
2026-02-02 23:25:54.264 10726-10886 icheng.timebank         com.jianglicheng.timebank            I  AssetManager2(0xb400006e167554b8) locale list changing from [] to [zh-Hans-CN]
2026-02-02 23:25:54.266 10726-10886 icheng.timebank         com.jianglicheng.timebank            I  AssetManager2(0xb400006e16759c98) locale list changing from [] to [zh-Hans-CN]
2026-02-02 23:25:54.267 10726-10886 icheng.timebank         com.jianglicheng.timebank            I  AssetManager2(0xb400006e16755e18) locale list changing from [] to [zh-Hans-CN]
2026-02-02 23:25:54.270 10726-10886 icheng.timebank         com.jianglicheng.timebank            I  AssetManager2(0xb400006e1675a918) locale list changing from [] to [zh-Hans-CN]
2026-02-02 23:25:54.273 10726-10886 icheng.timebank         com.jianglicheng.timebank            I  AssetManager2(0xb400006e1675a2d8) locale list changing from [] to [zh-Hans-CN]
2026-02-02 23:25:54.275 10726-10886 icheng.timebank         com.jianglicheng.timebank            I  AssetManager2(0xb400006e1675ac38) locale list changing from [] to [zh-Hans-CN]
2026-02-02 23:25:54.278 10726-10886 icheng.timebank         com.jianglicheng.timebank            I  AssetManager2(0xb400006e1675ce98) locale list changing from [] to [zh-Hans-CN]
2026-02-02 23:25:54.280 10726-10886 icheng.timebank         com.jianglicheng.timebank            I  AssetManager2(0xb400006e1675c538) locale list changing from [] to [zh-Hans-CN]
2026-02-02 23:25:54.282 10726-10886 icheng.timebank         com.jianglicheng.timebank            I  AssetManager2(0xb400006e16761cb8) locale list changing from [] to [zh-Hans-CN]
2026-02-02 23:25:54.284 10726-10886 icheng.timebank         com.jianglicheng.timebank            I  AssetManager2(0xb400006e16760d18) locale list changing from [] to [zh-Hans-CN]
2026-02-02 23:25:54.285 10726-10886 icheng.timebank         com.jianglicheng.timebank            I  AssetManager2(0xb400006e1675db18) locale list changing from [] to [zh-Hans-CN]
2026-02-02 23:25:54.286 10726-10886 icheng.timebank         com.jianglicheng.timebank            I  AssetManager2(0xb400006e16760098) locale list changing from [] to [zh-Hans-CN]
2026-02-02 23:25:54.288 10726-10886 icheng.timebank         com.jianglicheng.timebank            I  AssetManager2(0xb400006e1675e798) locale list changing from [] to [zh-Hans-CN]
2026-02-02 23:25:54.290 10726-10886 icheng.timebank         com.jianglicheng.timebank            I  AssetManager2(0xb400006e16762618) locale list changing from [] to [zh-Hans-CN]
2026-02-02 23:25:54.292 10726-10886 icheng.timebank         com.jianglicheng.timebank            I  AssetManager2(0xb400006e1675fa58) locale list changing from [] to [zh-Hans-CN]
2026-02-02 23:25:54.293 10726-10886 icheng.timebank         com.jianglicheng.timebank            I  AssetManager2(0xb400006e1675edd8) locale list changing from [] to [zh-Hans-CN]
2026-02-02 23:25:54.294 10726-10886 icheng.timebank         com.jianglicheng.timebank            I  AssetManager2(0xb400006e16761678) locale list changing from [] to [zh-Hans-CN]
2026-02-02 23:25:54.296 10726-10886 icheng.timebank         com.jianglicheng.timebank            I  AssetManager2(0xb400006e1675b278) locale list changing from [] to [zh-Hans-CN]
2026-02-02 23:25:54.298 10726-10886 icheng.timebank         com.jianglicheng.timebank            I  AssetManager2(0xb400006e167603b8) locale list changing from [] to [zh-Hans-CN]
2026-02-02 23:25:54.300 10726-10886 icheng.timebank         com.jianglicheng.timebank            I  AssetManager2(0xb400006e1676a318) locale list changing from [] to [zh-Hans-CN]
2026-02-02 23:25:54.304 10726-10886 icheng.timebank         com.jianglicheng.timebank            I  AssetManager2(0xb400006e16764238) locale list changing from [] to [zh-Hans-CN]
2026-02-02 23:25:54.305 10726-10886 icheng.timebank         com.jianglicheng.timebank            I  AssetManager2(0xb400006e16764b98) locale list changing from [] to [zh-Hans-CN]
2026-02-02 23:25:54.308 10726-10886 icheng.timebank         com.jianglicheng.timebank            I  AssetManager2(0xb400006e167699b8) locale list changing from [] to [zh-Hans-CN]
2026-02-02 23:25:54.309 10726-10886 icheng.timebank         com.jianglicheng.timebank            I  AssetManager2(0xb400006e167638d8) locale list changing from [] to [zh-Hans-CN]
2026-02-02 23:25:54.314 10726-10886 icheng.timebank         com.jianglicheng.timebank            I  AssetManager2(0xb400006e167654f8) locale list changing from [] to [zh-Hans-CN]
