2026-02-02 23:25:32.231 26637-26637 DecorView[]             com.jianglicheng.timebank            I  set decor visibility 0
2026-02-02 23:25:32.232 26637-26637 ServiceManagerCppClient com.jianglicheng.timebank            W  Failed to get isDeclared for vendor.honor.hardware.iawareperf.IUniPerfAidlInterface/default: Status(-1, EX_SECURITY): 'SELinux denied for service.'
2026-02-02 23:25:32.232 26637-26637 uniperf client          com.jianglicheng.timebank            E  vendor.honor.hardware.iawareperf.IUniPerfAidlInterface/default is not Declared
2026-02-02 23:25:32.232 26637-26637 uniperf client          com.jianglicheng.timebank            D  get uniperf service failed!
2026-02-02 23:25:32.233 26637-26665 ZrHung.AppEyeUiProbe    com.jianglicheng.timebank            D  restart watching
2026-02-02 23:25:32.235 26637-26637 DecorView[]             com.jianglicheng.timebank            I  set decor visibility 0
2026-02-02 23:25:32.245 26637-26637 VRI[MainActivity]       com.jianglicheng.timebank            D  relayoutWindow: mRelayoutRequested = true
2026-02-02 23:25:32.251 26637-26637 libc                    com.jianglicheng.timebank            W  Access denied finding property "ro.debuggable"
2026-02-02 23:25:32.251 26637-26637 BufferQueueConsumer     com.jianglicheng.timebank            I  [](id:680d00000001,api:0,p:-1,c:26637) connect: controlledByApp=false
2026-02-02 23:25:32.252 26637-26637 FullScreenUtils         com.jianglicheng.timebank            D  isNeedToHideStatusBar: splitscreenstate=0
2026-02-02 23:25:32.253 26637-26673 libEGL                  com.jianglicheng.timebank            D  [eglCreateWindowSurface] start window is 0xb400006df6719380
2026-02-02 23:25:32.253 26637-26673 BufferQueueProducer     com.jianglicheng.timebank            I  [VRI[MainActivity]#1(BLAST Consumer)1](id:680d00000001,api:0,p:-1,c:26637) connect: api=1 producerControlledByApp=true
2026-02-02 23:25:32.283 26637-26637 HwViewRootImpl          com.jianglicheng.timebank            I  removeInvalidNode all the node in jank list is out of time
2026-02-02 23:25:32.288 26637-26637 FullScreenUtils         com.jianglicheng.timebank            D  isNeedToHideStatusBar: splitscreenstate=0
2026-02-02 23:25:32.288 26637-26637 VRI[MainActivity]       com.jianglicheng.timebank            D  handleResized: mForceNextWindowRelayout = false
2026-02-02 23:25:32.288 26637-26637 RmeSchedManager         com.jianglicheng.timebank            I  init Rme, version is: v1.0
2026-02-02 23:25:32.288 26637-26637 RtgSchedEvent           com.jianglicheng.timebank            I  current pid:26637 AppType:-1
2026-02-02 23:25:32.303 26637-26637 RtgSchedIpcFile         com.jianglicheng.timebank            D  setCommandByIoctl failed ret:-1, cmdid:22, errno:103
2026-02-02 23:25:32.305 26637-26637 RtgSchedIpcFile         com.jianglicheng.timebank            D  setCommandByIoctl failed ret:-1, cmdid:23, errno:103
2026-02-02 23:25:32.305 26637-26637 VRI[MainActivity]       com.jianglicheng.timebank            I  send MSG_WINDOW_FOCUS_CHANGED msg
2026-02-02 23:25:32.305 26637-26637 InputEventReceiver      com.jianglicheng.timebank            I  consumeEvents focus, 1
2026-02-02 23:25:32.308 26637-26637 ImeFocusController      com.jianglicheng.timebank            V  onWindowFocus: android.webkit.WebView{b682c00 VFEDHVC.. .F....ID 0,0-1264,2800 aid=1073741824} softInputMode=STATE_UNSPECIFIED|ADJUST_RESIZE
2026-02-02 23:25:32.309 26637-26637 InputMethodManager      com.jianglicheng.timebank            W  startInputReason = 1
2026-02-02 23:25:32.309 26637-26637 RtgSchedIpcFile         com.jianglicheng.timebank            D  setCommandByIoctl failed ret:-1, cmdid:22, errno:103
2026-02-02 23:25:32.309 26637-26637 RtgSchedIpcFile         com.jianglicheng.timebank            D  setCommandByIoctl failed ret:-1, cmdid:23, errno:103
2026-02-02 23:25:32.339 26637-26637 ImeTracker              com.jianglicheng.timebank            I  com.jianglicheng.timebank:5a28a9d7: onCancelled at PHASE_CLIENT_ALREADY_HIDDEN
2026-02-02 23:25:32.346 26637-26637 InputMethodManager      com.jianglicheng.timebank            V  Starting input: Bind result=InputBindResult{result=SUCCESS_WITH_IME_SESSION method=com.android.internal.inputmethod.IInputMethodSession$Stub$Proxy@92c56c8 id=com.baidu.input_hihonor/com.baidu.input_honor.ImeService sequence=1651 result=0 isInputMethodSuppressingSpellChecker=false}
2026-02-02 23:25:32.363 26637-26637 chromium                com.jianglicheng.timebank            I  [INFO:CONSOLE:16] "[realtime] ws event: close [object CloseEvent]", source: https://timebank.local/assets/www/cloudbase.v2.bundle.js (16)
2026-02-02 23:25:32.363 26637-26637 chromium                com.jianglicheng.timebank            I  [INFO:CONSOLE:16] "[realtime] client paused (tb_task {"_openid":"2011857504337661952"}) (watchId watchid_1770045735843_0.7599157573606232)", source: https://timebank.local/assets/www/cloudbase.v2.bundle.js (16)
2026-02-02 23:25:32.363 26637-26637 chromium                com.jianglicheng.timebank            I  [INFO:CONSOLE:16] "[realtime] client paused (tb_transaction {"_openid":"2011857504337661952"}) (watchId watchid_1770045735844_0.2533533133871152)", source: https://timebank.local/assets/www/cloudbase.v2.bundle.js (16)
2026-02-02 23:25:32.363 26637-26637 chromium                com.jianglicheng.timebank            I  [INFO:CONSOLE:16] "[realtime] client paused (tb_running {"_openid":"2011857504337661952"}) (watchId watchid_1770045735844_0.09866721698214675)", source: https://timebank.local/assets/www/cloudbase.v2.bundle.js (16)
2026-02-02 23:25:32.363 26637-26637 chromium                com.jianglicheng.timebank            I  [INFO:CONSOLE:16] "[realtime] client paused (tb_profile {"_openid":"2011857504337661952"}) (watchId watchid_1770045735845_0.34541738124409516)", source: https://timebank.local/assets/www/cloudbase.v2.bundle.js (16)
2026-02-02 23:25:32.385 26637-26637 chromium                com.jianglicheng.timebank            I  [INFO:CONSOLE:16] "[realtime] client paused (tb_daily {"_openid":"2011857504337661952"}) (watchId watchid_1770045735845_0.9293880075046624)", source: https://timebank.local/assets/www/cloudbase.v2.bundle.js (16)
2026-02-02 23:25:32.703 26637-26637 chromium                com.jianglicheng.timebank            I  [INFO:CONSOLE:16] "[realtime] ws event: open [object Event]", source: https://timebank.local/assets/www/cloudbase.v2.bundle.js (16)
2026-02-02 23:25:32.703 26637-26637 chromium                com.jianglicheng.timebank            I  [INFO:CONSOLE:16] "[realtime] client resuming with REBUILD_WATCH (tb_task {"_openid":"2011857504337661952"}) (watchid_1770045735843_0.7599157573606232)", source: https://timebank.local/assets/www/cloudbase.v2.bundle.js (16)
2026-02-02 23:25:32.704 26637-26637 chromium                com.jianglicheng.timebank            I  [INFO:CONSOLE:16] "[realtime] client resuming with REBUILD_WATCH (tb_transaction {"_openid":"2011857504337661952"}) (watchid_1770045735844_0.2533533133871152)", source: https://timebank.local/assets/www/cloudbase.v2.bundle.js (16)
2026-02-02 23:25:32.704 26637-26637 chromium                com.jianglicheng.timebank            I  [INFO:CONSOLE:16] "[realtime] client resuming with REBUILD_WATCH (tb_running {"_openid":"2011857504337661952"}) (watchid_1770045735844_0.09866721698214675)", source: https://timebank.local/assets/www/cloudbase.v2.bundle.js (16)
2026-02-02 23:25:32.704 26637-26637 chromium                com.jianglicheng.timebank            I  [INFO:CONSOLE:16] "[realtime] client resuming with REBUILD_WATCH (tb_profile {"_openid":"2011857504337661952"}) (watchid_1770045735845_0.34541738124409516)", source: https://timebank.local/assets/www/cloudbase.v2.bundle.js (16)
2026-02-02 23:25:32.704 26637-26637 chromium                com.jianglicheng.timebank            I  [INFO:CONSOLE:16] "[realtime] client resuming with REBUILD_WATCH (tb_daily {"_openid":"2011857504337661952"}) (watchid_1770045735845_0.9293880075046624)", source: https://timebank.local/assets/www/cloudbase.v2.bundle.js (16)
2026-02-02 23:25:32.814 26637-7024  SurfaceControl          com.jianglicheng.timebank            I  nativeRelease 0xb400006f1672a650 count: 1 name: Surface(name=a03f0ce NavigationBar0)/@0xb97ab98 - animation-leash of insets_animation#24785
2026-02-02 23:25:32.817 26637-7024  InteractionJankMonitor  com.jianglicheng.timebank            W  Initializing without READ_DEVICE_CONFIG permission. enabled=false, interval=1, missedFrameThreshold=3, frameTimeThreshold=64, package=com.jianglicheng.timebank
2026-02-02 23:25:32.822 26637-26637 chromium                com.jianglicheng.timebank            I  [INFO:CONSOLE:16] "[realtime listener] internal non-fatal error: unexpected message received while REBUILDING", source: https://timebank.local/assets/www/cloudbase.v2.bundle.js (16)
2026-02-02 23:25:32.824 26637-26637 chromium                com.jianglicheng.timebank            I  [INFO:CONSOLE:16] "[realtime] rebuildWatch success", source: https://timebank.local/assets/www/cloudbase.v2.bundle.js (16)
2026-02-02 23:25:32.824 26637-26637 chromium                com.jianglicheng.timebank            I  [INFO:CONSOLE:16] "[realtime] client successfully resumed (tb_task {"_openid":"2011857504337661952"}) (watchid_1770045735843_0.7599157573606232)", source: https://timebank.local/assets/www/cloudbase.v2.bundle.js (16)
2026-02-02 23:25:32.827 26637-26637 chromium                com.jianglicheng.timebank            I  [INFO:CONSOLE:16] "[realtime listener] internal non-fatal error: unexpected message received while REBUILDING", source: https://timebank.local/assets/www/cloudbase.v2.bundle.js (16)
2026-02-02 23:25:32.827 26637-26637 chromium                com.jianglicheng.timebank            I  [INFO:CONSOLE:16] "[realtime] rebuildWatch success", source: https://timebank.local/assets/www/cloudbase.v2.bundle.js (16)
2026-02-02 23:25:32.827 26637-26637 chromium                com.jianglicheng.timebank            I  [INFO:CONSOLE:16] "[realtime] client successfully resumed (tb_daily {"_openid":"2011857504337661952"}) (watchid_1770045735845_0.9293880075046624)", source: https://timebank.local/assets/www/cloudbase.v2.bundle.js (16)
2026-02-02 23:25:32.827 26637-26637 chromium                com.jianglicheng.timebank            I  [INFO:CONSOLE:16] "[realtime listener] internal non-fatal error: unexpected message received while REBUILDING", source: https://timebank.local/assets/www/cloudbase.v2.bundle.js (16)
2026-02-02 23:25:32.827 26637-26637 chromium                com.jianglicheng.timebank            I  [INFO:CONSOLE:16] "[realtime] rebuildWatch success", source: https://timebank.local/assets/www/cloudbase.v2.bundle.js (16)
2026-02-02 23:25:32.827 26637-26637 chromium                com.jianglicheng.timebank            I  [INFO:CONSOLE:16] "[realtime] client successfully resumed (tb_transaction {"_openid":"2011857504337661952"}) (watchid_1770045735844_0.2533533133871152)", source: https://timebank.local/assets/www/cloudbase.v2.bundle.js (16)
2026-02-02 23:25:32.827 26637-26637 chromium                com.jianglicheng.timebank            I  [INFO:CONSOLE:16] "[realtime listener] internal non-fatal error: unexpected message received while REBUILDING", source: https://timebank.local/assets/www/cloudbase.v2.bundle.js (16)
2026-02-02 23:25:32.828 26637-26637 chromium                com.jianglicheng.timebank            I  [INFO:CONSOLE:16] "[realtime] rebuildWatch success", source: https://timebank.local/assets/www/cloudbase.v2.bundle.js (16)
2026-02-02 23:25:32.828 26637-26637 chromium                com.jianglicheng.timebank            I  [INFO:CONSOLE:16] "[realtime] client successfully resumed (tb_running {"_openid":"2011857504337661952"}) (watchid_1770045735844_0.09866721698214675)", source: https://timebank.local/assets/www/cloudbase.v2.bundle.js (16)
2026-02-02 23:25:32.831 26637-26637 chromium                com.jianglicheng.timebank            I  [INFO:CONSOLE:16] "[realtime listener] internal non-fatal error: unexpected message received while REBUILDING", source: https://timebank.local/assets/www/cloudbase.v2.bundle.js (16)
2026-02-02 23:25:32.831 26637-26637 chromium                com.jianglicheng.timebank            I  [INFO:CONSOLE:16] "[realtime] rebuildWatch success", source: https://timebank.local/assets/www/cloudbase.v2.bundle.js (16)
2026-02-02 23:25:32.831 26637-26637 chromium                com.jianglicheng.timebank            I  [INFO:CONSOLE:16] "[realtime] client successfully resumed (tb_profile {"_openid":"2011857504337661952"}) (watchid_1770045735845_0.34541738124409516)", source: https://timebank.local/assets/www/cloudbase.v2.bundle.js (16)
2026-02-02 23:25:32.907 26637-26637 HiTouch_Pr...reDetector com.jianglicheng.timebank            I  checkDoublePointerLimit: false
2026-02-02 23:25:32.908 26637-26637 HwViewRootImpl          com.jianglicheng.timebank            D  GPLOG: params  TraceInputParams 0 pkg empty self com.jianglicheng.timebank
2026-02-02 23:25:33.406 26637-26793 HnWritingTools          com.jianglicheng.timebank            I  writing tools BackgroundThread init!
---------------------------- PROCESS ENDED (26637) for package com.jianglicheng.timebank ----------------------------
2026-02-02 23:25:35.461  8796-8796  Zygote                  com.jianglicheng.timebank            I  MountEmulatedStorage
2026-02-02 23:25:35.461  8796-8796  Zygote                  com.jianglicheng.timebank            I  mount_data_dirs
2026-02-02 23:25:35.462  8796-8796  Zygote                  com.jianglicheng.timebank            I  mount_storage_dirs
2026-02-02 23:25:35.462  8796-8796  Zygote                  com.jianglicheng.timebank            I  PreInitializeNativeBridge
2026-02-02 23:25:35.469  8796-8796  Zygote                  com.jianglicheng.timebank            I  CallStaticVoidMethod
2026-02-02 23:25:35.469  8796-8796  icheng.timebank         com.jianglicheng.timebank            I  Late-enabling -Xcheck:jni
2026-02-02 23:25:35.482  8796-8796  icheng.timebank         com.jianglicheng.timebank            I  Using CollectorTypeCC GC.
2026-02-02 23:25:35.483  8796-8796  icheng.timebank         com.jianglicheng.timebank            I  Reinit property: dalvik.vm.checkjni= false
2026-02-02 23:25:35.483  8796-8796  icheng.timebank         com.jianglicheng.timebank            I  ReInitProperties: persist.vm.debug.dumpapi= false
2026-02-02 23:25:35.488  8796-8796  nativeloader            com.jianglicheng.timebank            D  Load libframework-connectivity-tiramisu-jni.so using APEX ns com_android_tethering for caller /apex/com.android.tethering/javalib/framework-connectivity-t.jar: ok
2026-02-02 23:25:35.489  8796-8809  icheng.timebank         com.jianglicheng.timebank            I  Is commercial user: 1
2026-02-02 23:25:35.489  8796-8796  libc                    com.jianglicheng.timebank            W  Access denied finding property "ro.debuggable"
2026-02-02 23:25:35.491  8796-8796  HwActivityThreadImpl    com.jianglicheng.timebank            I  initHwArgs begin, args = [], length = 0
2026-02-02 23:25:35.491  8796-8796  ActivityThread          com.jianglicheng.timebank            I  initHwArgs result ok for mw or virtual
2026-02-02 23:25:35.492  8796-8796  ActivityThread          com.jianglicheng.timebank            D  Attach thread to application
---------------------------- PROCESS STARTED (8796) for package com.jianglicheng.timebank ----------------------------
2026-02-02 23:25:35.499  8796-8815  nativeloader            com.jianglicheng.timebank            D  Load libioperf_jni.so using system ns (caller=/system/framework/framework-magic.jar!classes2.dex): ok
2026-02-02 23:25:35.499  8796-8815  IoPerfPtePrereadJni     com.jianglicheng.timebank            D  do pte preread content 0 10413 8796 com.jianglicheng.timebank /data/system/iaware/fmps/com.jianglicheng.timebank/com.jianglicheng.timebank
2026-02-02 23:25:35.500  8796-8796  Typeface                com.jianglicheng.timebank            I  setSystemFontMap SharedMemory
2026-02-02 23:25:35.500  8796-8811  ActivityThread          com.jianglicheng.timebank            I  Init compatible state: true
2026-02-02 23:25:35.501  8796-8796  Typeface                com.jianglicheng.timebank            I  setSystemFontMap Typaface
2026-02-02 23:25:35.504  8796-8796  ResourcesManager        com.jianglicheng.timebank            I  applyConfigurationToResources: smallestScreenWidthDp = 361mMaxBounds = Rect(0, 0 - 1264, 2800)
2026-02-02 23:25:35.551  8796-8801  icheng.timebank         com.jianglicheng.timebank            W  Missing inline cache for void java.util.logging.Logger.doSetParent(java.util.logging.Logger)
2026-02-02 23:25:35.552  8796-8801  icheng.timebank         com.jianglicheng.timebank            W  Missing inline cache for void java.util.logging.Logger.updateEffectiveLevel()
2026-02-02 23:25:35.553  8796-8801  icheng.timebank         com.jianglicheng.timebank            W  Missing inline cache for java.util.logging.Logger java.util.logging.LogManager$LoggerContext.findLogger(java.lang.String)
2026-02-02 23:25:35.572  8796-8796  nativeloader            com.jianglicheng.timebank            D  Configuring clns-9 for other apk /data/app/~~6MhH9xAt6laTtxZ6ELWJ3A==/com.jianglicheng.timebank-WmjO7fftPXL2vQiYbu-k_w==/base.apk. target_sdk_version=36, uses_libraries=, library_path=/data/app/~~6MhH9xAt6laTtxZ6ELWJ3A==/com.jianglicheng.timebank-WmjO7fftPXL2vQiYbu-k_w==/lib/arm64, permitted_path=/data:/mnt/expand:/data/user/0/com.jianglicheng.timebank
2026-02-02 23:25:35.576  8796-8796  icheng.timebank         com.jianglicheng.timebank            I  AssetManager2(0xb400006e167011d8) locale list changing from [] to [zh-Hans-CN]
2026-02-02 23:25:35.576  8796-8796  libc                    com.jianglicheng.timebank            W  Access denied finding property "ro.debuggable"
2026-02-02 23:25:35.577  8796-8796  HwCust                  com.jianglicheng.timebank            W  CUST VERSION = false, use class = class android.app.HwCustApplicationPackageManagerImpl
2026-02-02 23:25:35.578  8796-8796  GraphicsEnvironment     com.jianglicheng.timebank            V  Currently set values for:
2026-02-02 23:25:35.578  8796-8796  GraphicsEnvironment     com.jianglicheng.timebank            V    angle_gl_driver_selection_pkgs=[]
2026-02-02 23:25:35.578  8796-8796  GraphicsEnvironment     com.jianglicheng.timebank            V    angle_gl_driver_selection_values=[]
2026-02-02 23:25:35.578  8796-8796  GraphicsEnvironment     com.jianglicheng.timebank            V  com.jianglicheng.timebank is not listed in per-application setting
2026-02-02 23:25:35.578  8796-8796  GraphicsEnvironment     com.jianglicheng.timebank            V  ANGLE allowlist from config: com.dreamgames.royalmatch com.dts.freefiremax com.dxx.firenow com.gramgames.mergedragons com.ludo.king com.mojang.minecraftpe com.my.defense com.nintendo.zaka com.os.airforce com.playrix.fishdomdd.gplay io.teslatech.callbreak jp.konami.prospia net.peakgames.toonblast
2026-02-02 23:25:35.578  8796-8796  GraphicsEnvironment     com.jianglicheng.timebank            V  com.jianglicheng.timebank is not listed in ANGLE allowlist or settings, returning default
2026-02-02 23:25:35.578  8796-8796  GraphicsEnvironment     com.jianglicheng.timebank            V  App is not on the allowlist for updatable production driver.
2026-02-02 23:25:35.579  8796-8796  [Smart Gc]              com.jianglicheng.timebank            I  process: com.jianglicheng.timebank enalbed: 1
2026-02-02 23:25:35.579  8796-8796  [FusionMemory]          com.jianglicheng.timebank            I  feature enable! process_name: com.jianglicheng.timebank
2026-02-02 23:25:35.582  8796-8818  FlutterAnimationAdvance com.jianglicheng.timebank            W  FlutterAnimationAdvance getInstance()
2026-02-02 23:25:35.583  8796-8958  AwareLog                com.jianglicheng.timebank            E  AtomicFileUtils: readFileLines file not exist: AtomicFile[/data/user/0/com.jianglicheng.timebank/files/hw_cached_resid.list]
2026-02-02 23:25:35.583  8796-8811  AwareBitmapCacher       com.jianglicheng.timebank            I  init processName:com.jianglicheng.timebank pid=8796 uid=10413
2026-02-02 23:25:35.587  8796-8796  SystemFonts             com.jianglicheng.timebank            I  loadHwSystemFonts, isNightMode true, fontWeightScale is 100
2026-02-02 23:25:35.587  8796-8811  libc                    com.jianglicheng.timebank            W  Access denied finding property "ro.debuggable"
2026-02-02 23:25:35.588  8796-8796  HwTypeface              com.jianglicheng.timebank            I  update default font
2026-02-02 23:25:35.589  8796-8796  HnAE_HnWin...anagerImpl com.jianglicheng.timebank            W  forbidden enter magic window
2026-02-02 23:25:35.589  8796-8796  ActivityThread          com.jianglicheng.timebank            I  finishPreloaded preloadStatus 0
2026-02-02 23:25:35.590  8796-8796  RtgSchedIpcFile         com.jianglicheng.timebank            E  RtgSchedIpcFile xxx failed to open /proc/8796/rtg
2026-02-02 23:25:35.590  8796-8796  RtgSchedIpcFile         com.jianglicheng.timebank            E  RtgSchedIpcFile xxx success to open /proc/rtg_gki/ioctl.
2026-02-02 23:25:35.590  8796-8796  RmeSchedManager         com.jianglicheng.timebank            I  init Rme, version is: v1.0
2026-02-02 23:25:35.590  8796-8796  RmeSchedManager         com.jianglicheng.timebank            I  init Rme, version is: v1.0
2026-02-02 23:25:35.590  8796-8796  RtgSchedEvent           com.jianglicheng.timebank            I  current pid:8796 AppType:-1
2026-02-02 23:25:35.590  8796-8796  RtgSchedIpcFile         com.jianglicheng.timebank            D  setCommandByIoctl failed ret:-1, cmdid:22, errno:103
2026-02-02 23:25:35.591  8796-8796  ActivityThread          com.jianglicheng.timebank            V  Handling launch of ActivityRecord{90da3fa token=android.os.BinderProxy@eaa1a1c {com.jianglicheng.timebank/com.jianglicheng.timebank.MainActivity}}
2026-02-02 23:25:35.592  8796-8796  HWUI                    com.jianglicheng.timebank            I  RenderCache taget:com.jianglicheng.timebank, enableRenderCache: 0
2026-02-02 23:25:35.592  8796-8796  HWUI                    com.jianglicheng.timebank            I  No RenderCache config, try to find property.
2026-02-02 23:25:35.592  8796-8796  HWUI                    com.jianglicheng.timebank            I  PrepareTreeOpt: 0, DirtyOpt: 1, VideoPlayOpaqueOpt: 0
2026-02-02 23:25:35.592  8796-8796  libc                    com.jianglicheng.timebank            W  Access denied finding property "ro.debuggable"
2026-02-02 23:25:35.592  8796-8796  libc                    com.jianglicheng.timebank            W  Access denied finding property "ro.debuggable"
2026-02-02 23:25:35.592  8796-8796  HWUI                    com.jianglicheng.timebank            D  disableOutlineDraw is true
2026-02-02 23:25:35.596  8796-8974  DisplayManager          com.jianglicheng.timebank            I  Choreographer implicitly registered for the refresh rate.
2026-02-02 23:25:35.596  8796-8974  libc                    com.jianglicheng.timebank            W  Access denied finding property "ro.debuggable"
2026-02-02 23:25:35.597  8796-8974  GamesAware              com.jianglicheng.timebank            I  [8796] registerMiniGameCallback succeeded
2026-02-02 23:25:35.597  8796-8974  GamesAware              com.jianglicheng.timebank            E  IsInSupportList 'com.jianglicheng.timebank' is not a game.
2026-02-02 23:25:35.597  8796-8796  icheng.timebank         com.jianglicheng.timebank            I  AssetManager2(0xb400006e16704d38) locale list changing from [] to [zh-Hans-CN]
2026-02-02 23:25:35.599  8796-8974  iGraphicsLoader         com.jianglicheng.timebank            I  [~]A_pPipchG_giv{W$pipch$g_giv{$73/2/046<MF~]
2026-02-02 23:25:35.599  8796-8974  iGraphicsLoader         com.jianglicheng.timebank            I  [~]44644<4eW$tj>$eig*nkcjahkel_ja*pkg_fcjm($t>$<1;2~]
2026-02-02 23:25:35.599  8796-8974  icheng.timebank         com.jianglicheng.timebank            I  HwCustType is 0
2026-02-02 23:25:35.599  8796-8974  icheng.timebank         com.jianglicheng.timebank            E  open file error
2026-02-02 23:25:35.599  8796-8974  icheng.timebank         com.jianglicheng.timebank            I  no cota live update cust policy found
2026-02-02 23:25:35.599  8796-8974  icheng.timebank         com.jianglicheng.timebank            I  GetCfgDirRealPolicyValue: custPolicyDirs: /system/magic/base:/system/magic/china:/system/magic/oversea:/system/magic/china_honor:/system/magic/oversea_honor:/vendor/etc:/odm/etc:/odm/hn_odm/BVL-AN00:/product_h/etc:/product_h/region_comm/china:/preas/china:/product_h/hn_oem/BVL-AN00:/preload/BVL-AN00/all/cn:/cust/global:/cust/def/cn:/version/cust/all/cn:/version/special_cust/BVL-AN00/all/cn:/cust/cotalite:/cust/ecota
2026-02-02 23:25:35.600  8796-8974  icheng.timebank         com.jianglicheng.timebank            I  HwCustType is 0
2026-02-02 23:25:35.600  8796-8974  icheng.timebank         com.jianglicheng.timebank            E  open file error
2026-02-02 23:25:35.600  8796-8974  icheng.timebank         com.jianglicheng.timebank            I  no cota live update cust policy found
2026-02-02 23:25:35.600  8796-8974  icheng.timebank         com.jianglicheng.timebank            I  GetCfgDirRealPolicyValue: custPolicyDirs: /system/magic/base:/system/magic/china:/system/magic/oversea:/system/magic/china_honor:/system/magic/oversea_honor:/vendor/etc:/odm/etc:/odm/hn_odm/BVL-AN00:/product_h/etc:/product_h/region_comm/china:/preas/china:/product_h/hn_oem/BVL-AN00:/preload/BVL-AN00/all/cn:/cust/global:/cust/def/cn:/version/cust/all/cn:/version/special_cust/BVL-AN00/all/cn:/cust/cotalite:/cust/ecota
2026-02-02 23:25:35.600  8796-8974  iGraphics               com.jianglicheng.timebank            E  [~]A_pHiechEijbka@ieog_jpBkh_W$Bckh$pi$bkj`$eoup$eijbka$bkh_~]
2026-02-02 23:25:35.600  8796-8974  icheng.timebank         com.jianglicheng.timebank            I  HwCustType is 0
2026-02-02 23:25:35.600  8796-8974  icheng.timebank         com.jianglicheng.timebank            E  open file error
2026-02-02 23:25:35.600  8796-8974  icheng.timebank         com.jianglicheng.timebank            I  no cota live update cust policy found
2026-02-02 23:25:35.600  8796-8974  icheng.timebank         com.jianglicheng.timebank            I  GetCfgDirRealPolicyValue: custPolicyDirs: /system/magic/base:/system/magic/china:/system/magic/oversea:/system/magic/china_honor:/system/magic/oversea_honor:/vendor/etc:/odm/etc:/odm/hn_odm/BVL-AN00:/product_h/etc:/product_h/region_comm/china:/preas/china:/product_h/hn_oem/BVL-AN00:/preload/BVL-AN00/all/cn:/cust/global:/cust/def/cn:/version/cust/all/cn:/version/special_cust/BVL-AN00/all/cn:/cust/cotalite:/cust/ecota
2026-02-02 23:25:35.600  8796-8974  iGraphics               com.jianglicheng.timebank            I  [~kjtop$ku$c$uiove_$bkh_~]
2026-02-02 23:25:35.600  8796-8974  iGraphics               com.jianglicheng.timebank            I  [~kjtop$ku$c$uiove_$bkh_~]
2026-02-02 23:25:35.600  8796-8974  iGraphics               com.jianglicheng.timebank            I  [~El_emEhio`EijbkaR_vukij$aYtv_u_pR_vukij$35$aYehio`R_vukij$65~]
2026-02-02 23:25:35.600  8796-8974  iGraphics               com.jianglicheng.timebank            I  [~kjtop$ku$c$uiove_$bkh_~]
2026-02-02 23:25:35.600  8796-8974  iGraphicsLoader         com.jianglicheng.timebank            I  [~eig*nkcjahkel_ja*pkg_fcjm$El_emQlkp_HkupCttJcg_Rchk`$el_em$ehio`$kab|YcttYhkup$kuCumRmCtt$4~]
2026-02-02 23:25:35.600  8796-8974  iGraphicsLoader         com.jianglicheng.timebank            I  [~eig*nkcjahkel_ja*pkg_fcjm$El_emQlkp_HkupCttJcg_Rchk`$el_em$hiech$kab|YcttYhkup$kuCumRmCtt$4~]
2026-02-02 23:25:35.601  8796-8974  iGraphicsLoader         com.jianglicheng.timebank            I  [~]44544<4eW$ji$utp$ctt>$eig*nkcjahkel_ja*pkg_fcjm~]
2026-02-02 23:25:35.601  8796-8974  AdrenoGLES-0            com.jianglicheng.timebank            I  QUALCOMM build                   : 4a4a7d07e5, I6689e30232
                                                                                                    Build Date                       : 05/16/25
                                                                                                    OpenGL ES Shader Compiler Version: E031.45.02.25
                                                                                                    Local Branch                     : 
                                                                                                    Remote Branch                    : refs/tags/AU_LINUX_ANDROID_LA.VENDOR.14.3.0.11.00.00.973.948
                                                                                                    Remote Branch                    : NONE
                                                                                                    Reconstruct Branch               : NOTHING
2026-02-02 23:25:35.601  8796-8974  AdrenoGLES-0            com.jianglicheng.timebank            I  Build Config                     : S P 16.1.2 AArch64
2026-02-02 23:25:35.601  8796-8974  AdrenoGLES-0            com.jianglicheng.timebank            I  Driver Path                      : /vendor/lib64/egl/libGLESv2_adreno.so
2026-02-02 23:25:35.601  8796-8974  AdrenoGLES-0            com.jianglicheng.timebank            I  Driver Version                   : 0762.36
2026-02-02 23:25:35.601  8796-8974  AdrenoGLES-0            com.jianglicheng.timebank            I  Process Name                     : com.jianglicheng.timebank
2026-02-02 23:25:35.604  8796-8974  AdrenoGLES-0            com.jianglicheng.timebank            I  PFP: 0x01520181, ME: 0x01520023
2026-02-02 23:25:35.605  8796-8796  AppCompatDelegate       com.jianglicheng.timebank            D  Checking for metadata for AppLocalesMetadataHolderService : Service not found
2026-02-02 23:25:35.606  8796-8974  Adreno-AppProfiles      com.jianglicheng.timebank            E  QSPM AIDL service doesn't exist
2026-02-02 23:25:35.606  8796-8796  icheng.timebank         com.jianglicheng.timebank            I  AssetManager2(0xb400006e16706c78) locale list changing from [] to [zh-Hans-CN]
2026-02-02 23:25:35.607  8796-8974  AdrenoUtils             com.jianglicheng.timebank            I  <ReadGpuID:357>: Reading chip ID through GSL
2026-02-02 23:25:35.609  8796-8796  ashmem                  com.jianglicheng.timebank            E  Pinning is deprecated since Android Q. Please use trim or other methods.
2026-02-02 23:25:35.611  8796-8796  ActivityThread          com.jianglicheng.timebank            V  callActivityOnCreate
2026-02-02 23:25:35.616  8796-8984  HnContentR...zerManager com.jianglicheng.timebank            I  CacheHandlerThread onLooperPrepared, mHandler created
2026-02-02 23:25:35.624  8796-8796  icheng.timebank         com.jianglicheng.timebank            I  AssetManager2(0xb400006e167072b8) locale list changing from [] to [zh-Hans-CN]
2026-02-02 23:25:35.624  8796-8796  WebViewFactory          com.jianglicheng.timebank            I  Loading com.google.android.webview version 143.0.7499.192 (code 749919233)
2026-02-02 23:25:35.626  8796-8796  icheng.timebank         com.jianglicheng.timebank            W  Failed to find entry 'classes.dex': Entry not found
2026-02-02 23:25:35.626  8796-8796  nativeloader            com.jianglicheng.timebank            D  Configuring clns-10 for other apk /data/app/~~5AYxEDKfQ7IyBBjORMV6vg==/com.google.android.trichromelibrary_749919233-Wp67wK6Ru_wDhYEkhXdDEQ==/base.apk. target_sdk_version=36, uses_libraries=ALL, library_path=/data/app/~~W1V-t1qZTqSwwjFNzFvzsg==/com.google.android.webview-AYp64kRy5e-3mCXkM2vMvg==/lib/arm64:/data/app/~~W1V-t1qZTqSwwjFNzFvzsg==/com.google.android.webview-AYp64kRy5e-3mCXkM2vMvg==/base.apk!/lib/arm64-v8a:/data/app/~~5AYxEDKfQ7IyBBjORMV6vg==/com.google.android.trichromelibrary_749919233-Wp67wK6Ru_wDhYEkhXdDEQ==/base.apk!/lib/arm64-v8a, permitted_path=/data:/mnt/expand
2026-02-02 23:25:35.626  8796-8796  nativeloader            com.jianglicheng.timebank            D  Extending system_exposed_libraries: libautotune.honor.so:libteec.honor.so:libiGraphicsCore.honor.so:libautotune.honor.so:libmediaalgoclient.honor.so:libIsfClient.honor.so:libteec_system.honor.so
2026-02-02 23:25:35.626  8796-8796  ApplicationLoaders      com.jianglicheng.timebank            D  Returning zygote-cached class loader: /system_ext/framework/androidx.window.extensions.jar
2026-02-02 23:25:35.627  8796-8796  icheng.timebank         com.jianglicheng.timebank            W  Loading /data/app/~~W1V-t1qZTqSwwjFNzFvzsg==/com.google.android.webview-AYp64kRy5e-3mCXkM2vMvg==/oat/arm64/base.odex non-executable as it requires an image which we failed to load
2026-02-02 23:25:35.627  8796-8796  nativeloader            com.jianglicheng.timebank            D  Configuring clns-11 for other apk /data/app/~~W1V-t1qZTqSwwjFNzFvzsg==/com.google.android.webview-AYp64kRy5e-3mCXkM2vMvg==/base.apk. target_sdk_version=36, uses_libraries=, library_path=/data/app/~~W1V-t1qZTqSwwjFNzFvzsg==/com.google.android.webview-AYp64kRy5e-3mCXkM2vMvg==/lib/arm64:/data/app/~~W1V-t1qZTqSwwjFNzFvzsg==/com.google.android.webview-AYp64kRy5e-3mCXkM2vMvg==/base.apk!/lib/arm64-v8a:/data/app/~~5AYxEDKfQ7IyBBjORMV6vg==/com.google.android.trichromelibrary_749919233-Wp67wK6Ru_wDhYEkhXdDEQ==/base.apk!/lib/arm64-v8a, permitted_path=/data:/mnt/expand
2026-02-02 23:25:35.636  8796-8796  cr_WVCFactoryProvider   com.jianglicheng.timebank            I  version=143.0.7499.192 (749919233) minSdkVersion=29 multiprocess=true packageId=3 splits=<none>
2026-02-02 23:25:35.647  8796-8796  nativeloader            com.jianglicheng.timebank            D  Load /data/app/~~5AYxEDKfQ7IyBBjORMV6vg==/com.google.android.trichromelibrary_749919233-Wp67wK6Ru_wDhYEkhXdDEQ==/base.apk!/lib/arm64-v8a/libmonochrome_64.so using class loader ns clns-11 (caller=/data/app/~~W1V-t1qZTqSwwjFNzFvzsg==/com.google.android.webview-AYp64kRy5e-3mCXkM2vMvg==/base.apk): ok
2026-02-02 23:25:35.648  8796-8796  nativeloader            com.jianglicheng.timebank            D  Load /system/lib64/libwebviewchromium_plat_support.so using class loader ns clns-11 (caller=/data/app/~~W1V-t1qZTqSwwjFNzFvzsg==/com.google.android.webview-AYp64kRy5e-3mCXkM2vMvg==/base.apk): ok
2026-02-02 23:25:35.649  8796-9006  chromium                com.jianglicheng.timebank            E  [0202/232535.649251:ERROR:android_webview/browser/variations/variations_seed_loader.cc:39] Seed missing signature.
2026-02-02 23:25:35.652  8796-8796  icheng.timebank         com.jianglicheng.timebank            I  AssetManager2(0xb400006e167075d8) locale list changing from [] to [zh-Hans-CN]
2026-02-02 23:25:35.652  8796-8796  icheng.timebank         com.jianglicheng.timebank            I  AssetManager2(0xb400006e16708bb8) locale list changing from [] to [zh-Hans-CN]
2026-02-02 23:25:35.653  8796-8796  icheng.timebank         com.jianglicheng.timebank            I  AssetManager2(0xb400006e1670ba98) locale list changing from [] to [zh-Hans-CN]
2026-02-02 23:25:35.653  8796-8796  WebViewControl          com.jianglicheng.timebank            W  WebViewControl
2026-02-02 23:25:35.653  8796-8796  WebViewControl          com.jianglicheng.timebank            W  init
2026-02-02 23:25:35.656  8796-8796  WebViewControl          com.jianglicheng.timebank            W  WebViewControl
2026-02-02 23:25:35.658  8796-8796  cr_LibraryLoader        com.jianglicheng.timebank            I  Successfully loaded native library
2026-02-02 23:25:35.658  8796-8796  cr_CachingUmaRecorder   com.jianglicheng.timebank            I  Flushed 20 samples from 20 histograms, 0 samples were dropped.
2026-02-02 23:25:35.659  8796-8796  cr_CombinedPProvider    com.jianglicheng.timebank            I  #registerProvider() provider:WV.jk@9a1b0c8 isPolicyCacheEnabled:false policyProvidersSize:0
2026-02-02 23:25:35.660  8796-8796  cr_PolicyProvider       com.jianglicheng.timebank            I  #setManagerAndSource() 0
2026-02-02 23:25:35.661  8796-8796  cr_DisplayManager       com.jianglicheng.timebank            I  Is Display Topology available: false
2026-02-02 23:25:35.662  8796-8796  icheng.timebank         com.jianglicheng.timebank            I  AssetManager2(0xb400006e16709838) locale list changing from [] to [zh-Hans-CN]
2026-02-02 23:25:35.664  8796-8796  icheng.timebank         com.jianglicheng.timebank            I  AssetManager2(0xb400006e1670b138) locale list changing from [] to [zh-Hans-CN]
2026-02-02 23:25:35.667  8796-8796  DesktopModeFlags        com.jianglicheng.timebank            D  Toggle override initialized to: OVERRIDE_UNSET
2026-02-02 23:25:35.671  8796-8796  cr_CombinedPProvider    com.jianglicheng.timebank            I  #linkNativeInternal() 1
2026-02-02 23:25:35.672  8796-8796  cr_AppResProvider       com.jianglicheng.timebank            I  #getApplicationRestrictionsFromUserManager() Bundle[EMPTY_PARCEL]
2026-02-02 23:25:35.672  8796-8796  cr_PolicyProvider       com.jianglicheng.timebank            I  #notifySettingsAvailable() 0
2026-02-02 23:25:35.672  8796-8796  cr_CombinedPProvider    com.jianglicheng.timebank            I  #onSettingsAvailable() 0
2026-02-02 23:25:35.672  8796-8796  cr_CombinedPProvider    com.jianglicheng.timebank            I  #flushPolicies()
2026-02-02 23:25:35.690  8796-8796  chromium                com.jianglicheng.timebank            W  [WARNING:android_webview/browser/network_service/net_helpers.cc:143] HTTP Cache size is: 20971520
2026-02-02 23:25:35.704  8796-8796  libc                    com.jianglicheng.timebank            W  Access denied finding property "ro.debuggable"
2026-02-02 23:25:35.705  8796-8796  CompatChangeReporter    com.jianglicheng.timebank            D  Compat change id reported: 377864165; UID 10413; state: ENABLED
2026-02-02 23:25:35.721  8796-8801  icheng.timebank         com.jianglicheng.timebank            W  Missing inline cache for void android.app.ActivityThread$H.handleMessage(android.os.Message)
2026-02-02 23:25:35.721  8796-8801  icheng.timebank         com.jianglicheng.timebank            W  Missing inline cache for void android.app.ActivityThread$H.handleMessage(android.os.Message)
2026-02-02 23:25:35.721  8796-8801  icheng.timebank         com.jianglicheng.timebank            W  Missing inline cache for void android.app.ActivityThread$H.handleMessage(android.os.Message)
2026-02-02 23:25:35.726  8796-8796  icheng.timebank         com.jianglicheng.timebank            I  hiddenapi: Accessing hidden method Landroid/view/View;->computeFitSystemWindows(Landroid/graphics/Rect;Landroid/graphics/Rect;)Z (runtime_flags=0, domain=platform, api=unsupported) from Landroidx/appcompat/widget/ViewUtils; (domain=app) using reflection: allowed
2026-02-02 23:25:35.726  8796-8796  icheng.timebank         com.jianglicheng.timebank            I  hiddenapi: Accessing hidden method Landroid/view/ViewGroup;->makeOptionalFitsSystemWindows()V (runtime_flags=0, domain=platform, api=unsupported) from Landroidx/appcompat/widget/ViewUtils; (domain=app) using reflection: allowed
2026-02-02 23:25:35.727  8796-8796  cr_WebSettings          com.jianglicheng.timebank            W  setForceDark() is a no-op in an app with targetSdkVersion>=T
2026-02-02 23:25:35.728  8796-8796  WebViewControl          com.jianglicheng.timebank            W  WebViewControl
2026-02-02 23:25:35.728  8796-8796  WebViewControl          com.jianglicheng.timebank            W  WebViewControl
2026-02-02 23:25:35.731  8796-8796  WebViewControl          com.jianglicheng.timebank            W  enter isForbidload
2026-02-02 23:25:35.731  8796-8796  WebViewControl          com.jianglicheng.timebank            W  not MinorsEnabled, return
2026-02-02 23:25:35.738  8796-9109  cr_media                com.jianglicheng.timebank            W  BLUETOOTH_CONNECT permission is missing.
2026-02-02 23:25:35.738  8796-9109  cr_media                com.jianglicheng.timebank            W  getBluetoothAdapter() requires BLUETOOTH permission
2026-02-02 23:25:35.738  8796-9109  cr_media                com.jianglicheng.timebank            W  registerBluetoothIntentsIfNeeded: Requires BLUETOOTH permission
2026-02-02 23:25:35.738  8796-8801  icheng.timebank         com.jianglicheng.timebank            W  Missing inline cache for byte[] com.android.icu.charset.CharsetEncoderICU.makeReplacement(java.lang.String, long)
2026-02-02 23:25:35.744  8796-9313  vulkan                  com.jianglicheng.timebank            D  g_loadGTXAPKLibrary = 1, iGraphics path = /system/app/ugtx/ugtx.apk!/lib/arm64-v8a
2026-02-02 23:25:35.744  8796-9313  iGraphicsLoader         com.jianglicheng.timebank            I  [~]A_pPipchG_giv{W$pipch$g_giv{$73/2/046<MF~]
2026-02-02 23:25:35.744  8796-9313  iGraphicsLoader         com.jianglicheng.timebank            I  [~]44644<4eW$tj>$eig*nkcjahkel_ja*pkg_fcjm($t>$<1;2~]
2026-02-02 23:25:35.744  8796-9313  icheng.timebank         com.jianglicheng.timebank            I  HwCustType is 0
2026-02-02 23:25:35.744  8796-9313  icheng.timebank         com.jianglicheng.timebank            E  open file error
2026-02-02 23:25:35.744  8796-9313  icheng.timebank         com.jianglicheng.timebank            I  no cota live update cust policy found
2026-02-02 23:25:35.744  8796-9313  icheng.timebank         com.jianglicheng.timebank            I  GetCfgDirRealPolicyValue: custPolicyDirs: /system/magic/base:/system/magic/china:/system/magic/oversea:/system/magic/china_honor:/system/magic/oversea_honor:/vendor/etc:/odm/etc:/odm/hn_odm/BVL-AN00:/product_h/etc:/product_h/region_comm/china:/preas/china:/product_h/hn_oem/BVL-AN00:/preload/BVL-AN00/all/cn:/cust/global:/cust/def/cn:/version/cust/all/cn:/version/special_cust/BVL-AN00/all/cn:/cust/cotalite:/cust/ecota
2026-02-02 23:25:35.746  8796-9313  icheng.timebank         com.jianglicheng.timebank            I  HwCustType is 0
2026-02-02 23:25:35.746  8796-9313  icheng.timebank         com.jianglicheng.timebank            E  open file error
2026-02-02 23:25:35.746  8796-9313  icheng.timebank         com.jianglicheng.timebank            I  no cota live update cust policy found
2026-02-02 23:25:35.746  8796-9313  icheng.timebank         com.jianglicheng.timebank            I  GetCfgDirRealPolicyValue: custPolicyDirs: /system/magic/base:/system/magic/china:/system/magic/oversea:/system/magic/china_honor:/system/magic/oversea_honor:/vendor/etc:/odm/etc:/odm/hn_odm/BVL-AN00:/product_h/etc:/product_h/region_comm/china:/preas/china:/product_h/hn_oem/BVL-AN00:/preload/BVL-AN00/all/cn:/cust/global:/cust/def/cn:/version/cust/all/cn:/version/special_cust/BVL-AN00/all/cn:/cust/cotalite:/cust/ecota
2026-02-02 23:25:35.746  8796-9313  iGraphics               com.jianglicheng.timebank            E  [~]A_pHiechEijbka@ieog_jpBkh_W$Bckh$pi$bkj`$eoup$eijbka$bkh_~]
2026-02-02 23:25:35.746  8796-9313  icheng.timebank         com.jianglicheng.timebank            I  HwCustType is 0
2026-02-02 23:25:35.746  8796-9313  icheng.timebank         com.jianglicheng.timebank            E  open file error
2026-02-02 23:25:35.746  8796-9313  icheng.timebank         com.jianglicheng.timebank            I  no cota live update cust policy found
2026-02-02 23:25:35.746  8796-9313  icheng.timebank         com.jianglicheng.timebank            I  GetCfgDirRealPolicyValue: custPolicyDirs: /system/magic/base:/system/magic/china:/system/magic/oversea:/system/magic/china_honor:/system/magic/oversea_honor:/vendor/etc:/odm/etc:/odm/hn_odm/BVL-AN00:/product_h/etc:/product_h/region_comm/china:/preas/china:/product_h/hn_oem/BVL-AN00:/preload/BVL-AN00/all/cn:/cust/global:/cust/def/cn:/version/cust/all/cn:/version/special_cust/BVL-AN00/all/cn:/cust/cotalite:/cust/ecota
2026-02-02 23:25:35.746  8796-9313  iGraphics               com.jianglicheng.timebank            I  [~kjtop$ku$c$uiove_$bkh_~]
2026-02-02 23:25:35.746  8796-8796  ActivityThread          com.jianglicheng.timebank            I  add activity client record, r= ActivityRecord{90da3fa token=android.os.BinderProxy@eaa1a1c {com.jianglicheng.timebank/com.jianglicheng.timebank.MainActivity}} token= android.os.BinderProxy@eaa1a1c
2026-02-02 23:25:35.746  8796-9313  iGraphics               com.jianglicheng.timebank            I  [~kjtop$ku$c$uiove_$bkh_~]
2026-02-02 23:25:35.746  8796-9313  iGraphics               com.jianglicheng.timebank            I  [~El_emEhio`EijbkaR_vukij$aYtv_u_pR_vukij$35$aYehio`R_vukij$65~]
2026-02-02 23:25:35.746  8796-9313  iGraphics               com.jianglicheng.timebank            I  [~kjtop$ku$c$uiove_$bkh_~]
2026-02-02 23:25:35.746  8796-9313  iGraphicsLoader         com.jianglicheng.timebank            I  [~eig*nkcjahkel_ja*pkg_fcjm$El_emQlkp_HkupCttJcg_Rchk`$el_em$ehio`$kab|YcttYhkup$kuCumRmCtt$3~]
2026-02-02 23:25:35.746  8796-9313  iGraphicsLoader         com.jianglicheng.timebank            I  [~eig*nkcjahkel_ja*pkg_fcjm$El_emQlkp_HkupCttJcg_Rchk`$el_em$hiech$kab|YcttYhkup$kuCumRmCtt$3~]
2026-02-02 23:25:35.746  8796-9313  iGraphicsLoader         com.jianglicheng.timebank            I  [~]44544<4eW$ji$utp$ctt>$eig*nkcjahkel_ja*pkg_fcjm~]
2026-02-02 23:25:35.748  8796-8796  nativeloader            com.jianglicheng.timebank            D  Load libiawareperf_jni.so using system ns (caller=/system/framework/framework.jar!classes2.dex): ok
2026-02-02 23:25:35.748  8796-8796  ServiceManagerCppClient com.jianglicheng.timebank            W  Failed to get isDeclared for vendor.honor.hardware.iawareperf.IUniPerfAidlInterface/default: Status(-1, EX_SECURITY): 'SELinux denied for service.'
2026-02-02 23:25:35.748  8796-8796  uniperf client          com.jianglicheng.timebank            E  vendor.honor.hardware.iawareperf.IUniPerfAidlInterface/default is not Declared
2026-02-02 23:25:35.749  8796-8796  uniperf client          com.jianglicheng.timebank            D  get uniperf service failed!
2026-02-02 23:25:35.749  8796-8796  ServiceManagerCppClient com.jianglicheng.timebank            W  Failed to get isDeclared for vendor.honor.hardware.iawareperf.IUniPerfAidlInterface/default: Status(-1, EX_SECURITY): 'SELinux denied for service.'
2026-02-02 23:25:35.749  8796-8796  uniperf client          com.jianglicheng.timebank            E  vendor.honor.hardware.iawareperf.IUniPerfAidlInterface/default is not Declared
2026-02-02 23:25:35.749  8796-8796  uniperf client          com.jianglicheng.timebank            D  get uniperf service failed!
2026-02-02 23:25:35.751  8796-8796  DecorView[]             com.jianglicheng.timebank            I  set decor visibility 4
2026-02-02 23:25:35.752  8796-9313  Adreno-AppProfiles      com.jianglicheng.timebank            E  QSPM AIDL service doesn't exist
2026-02-02 23:25:35.754  8796-9313  AdrenoVK-0              com.jianglicheng.timebank            I  ===== BEGIN DUMP OF OVERRIDDEN SETTINGS =====
2026-02-02 23:25:35.754  8796-9313  AdrenoVK-0              com.jianglicheng.timebank            I  ===== END DUMP OF OVERRIDDEN SETTINGS =====
2026-02-02 23:25:35.756  8796-9313  AdrenoVK-0              com.jianglicheng.timebank            I  QUALCOMM build          : 4a4a7d07e5, I6689e30232
                                                                                                    Build Date              : 05/16/25
                                                                                                    Shader Compiler Version : E031.45.02.25
                                                                                                    Local Branch            : 
                                                                                                    Remote Branch           : refs/tags/AU_LINUX_ANDROID_LA.VENDOR.14.3.0.11.00.00.973.948
                                                                                                    Remote Branch           : NONE
                                                                                                    Reconstruct Branch      : NOTHING
2026-02-02 23:25:35.756  8796-9313  AdrenoVK-0              com.jianglicheng.timebank            I  Build Config            : S P 16.1.2 AArch64
2026-02-02 23:25:35.756  8796-9313  AdrenoVK-0              com.jianglicheng.timebank            I  Driver Path             : /vendor/lib64/hw/vulkan.adreno.so
2026-02-02 23:25:35.756  8796-9313  AdrenoVK-0              com.jianglicheng.timebank            I  Driver Version          : 0762.36
2026-02-02 23:25:35.756  8796-9313  AdrenoVK-0              com.jianglicheng.timebank            I  PFP                     : 0x01520181
2026-02-02 23:25:35.756  8796-9313  AdrenoVK-0              com.jianglicheng.timebank            I  ME                      : 0x01520023
2026-02-02 23:25:35.756  8796-9313  AdrenoVK-0              com.jianglicheng.timebank            I  Application Name    : 
                                                                                                    Application Version : 0x00000001
                                                                                                    Engine Name         : 
                                                                                                    Engine Version      : 0x00000001
                                                                                                    Api Version         : 0x00403000
2026-02-02 23:25:35.763  8796-8796  libc                    com.jianglicheng.timebank            W  Access denied finding property "sys.use_pre_composite.switch"
2026-02-02 23:25:35.767  8796-8796  FullScreenUtils         com.jianglicheng.timebank            D  isNeedToHideStatusBar: splitscreenstate=0
2026-02-02 23:25:35.768  8796-8796  InputEventReceiver      com.jianglicheng.timebank            D  dispatchInputInterval 1000000
2026-02-02 23:25:35.769  8796-8796  libc                    com.jianglicheng.timebank            W  Access denied finding property "ro.debuggable"
